Searching DEVSIM_MATH_LIBS="mkl_rt.3.dll"
Loading "mkl_rt.3.dll": Intel MKL with PARDISO LOADED
Physical group name Si has 0 Tetrahedra.
Physical group name Si has 116 Triangles.
Physical group name Si has 188 Lines.
Physical group name Si has 73 Points.
Physical group name Si_xmax has 0 Tetrahedra.
Physical group name Si_xmax has 0 Triangles.
Physical group name Si_xmax has 2 Lines.
Physical group name Si_xmax has 3 Points.
Physical group name Si_xmin has 0 Tetrahedra.
Physical group name Si_xmin has 0 Triangles.
Physical group name Si_xmin has 2 Lines.
Physical group name Si_xmin has 3 Points.
Device gui_measure_device has 73 coordinates with max index 72
Region Si has 73 nodes.
Contact Si_xmax in region Si with 3 nodes
Contact Si_xmin in region Si with 3 nodes
Creating Node Solution Potential
number of equations 73
Iteration: 0
  Device: "gui_measure_device"	RelError: 1.00000e+00	AbsError: 1.50243e-01
    Region: "Si"	RelError: 1.00000e+00	AbsError: 1.50243e-01
      Equation: "PotentialEquation"	RelError: 1.00000e+00	AbsError: 1.50243e-01
Iteration: 1
  Device: "gui_measure_device"	RelError: 4.95922e-01	AbsError: 1.47812e-01
    Region: "Si"	RelError: 4.95922e-01	AbsError: 1.47812e-01
      Equation: "PotentialEquation"	RelError: 4.95922e-01	AbsError: 1.47812e-01
Iteration: 2
  Device: "gui_measure_device"	RelError: 3.03726e-01	AbsError: 8.00027e-02
    Region: "Si"	RelError: 3.03726e-01	AbsError: 8.00027e-02
      Equation: "PotentialEquation"	RelError: 3.03726e-01	AbsError: 8.00027e-02
Iteration: 3
  Device: "gui_measure_device"	RelError: 2.11186e-01	AbsError: 5.16817e-02
    Region: "Si"	RelError: 2.11186e-01	AbsError: 5.16817e-02
      Equation: "PotentialEquation"	RelError: 2.11186e-01	AbsError: 5.16817e-02
Iteration: 4
  Device: "gui_measure_device"	RelError: 1.50881e-01	AbsError: 4.34850e-02
    Region: "Si"	RelError: 1.50881e-01	AbsError: 4.34850e-02
      Equation: "PotentialEquation"	RelError: 1.50881e-01	AbsError: 4.34850e-02
Iteration: 5
  Device: "gui_measure_device"	RelError: 1.04835e-01	AbsError: 3.37525e-02
    Region: "Si"	RelError: 1.04835e-01	AbsError: 3.37525e-02
      Equation: "PotentialEquation"	RelError: 1.04835e-01	AbsError: 3.37525e-02
Iteration: 6
  Device: "gui_measure_device"	RelError: 6.51410e-02	AbsError: 2.24341e-02
    Region: "Si"	RelError: 6.51410e-02	AbsError: 2.24341e-02
      Equation: "PotentialEquation"	RelError: 6.51410e-02	AbsError: 2.24341e-02
Iteration: 7
  Device: "gui_measure_device"	RelError: 3.70516e-02	AbsError: 1.32513e-02
    Region: "Si"	RelError: 3.70516e-02	AbsError: 1.32513e-02
      Equation: "PotentialEquation"	RelError: 3.70516e-02	AbsError: 1.32513e-02
Iteration: 8
  Device: "gui_measure_device"	RelError: 1.59208e-16	AbsError: 5.69399e-17
    Region: "Si"	RelError: 1.59208e-16	AbsError: 5.69399e-17
      Equation: "PotentialEquation"	RelError: 1.59208e-16	AbsError: 5.69399e-17
Warning: Replacing equation with equation of the same name.
Region: Si, Equation: PotentialEquation, Variable: Potential
number of equations 219
Iteration: 0
  Device: "gui_measure_device"	RelError: 4.52905e-15	AbsError: 2.20000e+01
    Region: "Si"	RelError: 4.52905e-15	AbsError: 2.20000e+01
      Equation: "ElectronContinuityEquation"	RelError: 2.20000e-15	AbsError: 2.20000e+01
      Equation: "HoleContinuityEquation"	RelError: 2.17384e-15	AbsError: 2.17384e-11
      Equation: "PotentialEquation"	RelError: 1.55213e-16	AbsError: 5.55112e-17
number of equations 219
Iteration: 0
  Device: "gui_measure_device"	RelError: 2.78827e-03	AbsError: 7.52390e-02
    Region: "Si"	RelError: 2.78827e-03	AbsError: 7.52390e-02
      Equation: "ElectronContinuityEquation"	RelError: 7.42390e-18	AbsError: 7.42390e-02
      Equation: "HoleContinuityEquation"	RelError: 1.02846e-16	AbsError: 1.02846e-12
      Equation: "PotentialEquation"	RelError: 2.78827e-03	AbsError: 1.00000e-03
Iteration: 1
  Device: "gui_measure_device"	RelError: 2.59423e-16	AbsError: 3.71758e-04
    Region: "Si"	RelError: 2.59423e-16	AbsError: 3.71758e-04
      Equation: "ElectronContinuityEquation"	RelError: 3.71758e-20	AbsError: 3.71758e-04
      Equation: "HoleContinuityEquation"	RelError: 1.81854e-16	AbsError: 1.81854e-12
      Equation: "PotentialEquation"	RelError: 7.75323e-17	AbsError: 2.77484e-17
n_single_pos {'donor': 1e+16, 'acceptor': 0.0, 'net': 1e+16, 'physics_status': None} {'Si_xmin': -0.0001600000000002224, 'Si_xmax': 0.0001600000000002224}
Physical group name Si has 0 Tetrahedra.
Physical group name Si has 116 Triangles.
Physical group name Si has 188 Lines.
Physical group name Si has 73 Points.
Physical group name Si_xmax has 0 Tetrahedra.
Physical group name Si_xmax has 0 Triangles.
Physical group name Si_xmax has 2 Lines.
Physical group name Si_xmax has 3 Points.
Physical group name Si_xmin has 0 Tetrahedra.
Physical group name Si_xmin has 0 Triangles.
Physical group name Si_xmin has 2 Lines.
Physical group name Si_xmin has 3 Points.
Device gui_measure_device has 73 coordinates with max index 72
Region Si has 73 nodes.
Contact Si_xmax in region Si with 3 nodes
Contact Si_xmin in region Si with 3 nodes
Creating Node Solution Potential
number of equations 73
Iteration: 0
  Device: "gui_measure_device"	RelError: 1.00000e+00	AbsError: 1.50243e-01
    Region: "Si"	RelError: 1.00000e+00	AbsError: 1.50243e-01
      Equation: "PotentialEquation"	RelError: 1.00000e+00	AbsError: 1.50243e-01
Iteration: 1
  Device: "gui_measure_device"	RelError: 4.95922e-01	AbsError: 1.47812e-01
    Region: "Si"	RelError: 4.95922e-01	AbsError: 1.47812e-01
      Equation: "PotentialEquation"	RelError: 4.95922e-01	AbsError: 1.47812e-01
Iteration: 2
  Device: "gui_measure_device"	RelError: 3.03726e-01	AbsError: 8.00027e-02
    Region: "Si"	RelError: 3.03726e-01	AbsError: 8.00027e-02
      Equation: "PotentialEquation"	RelError: 3.03726e-01	AbsError: 8.00027e-02
Iteration: 3
  Device: "gui_measure_device"	RelError: 2.11186e-01	AbsError: 5.16817e-02
    Region: "Si"	RelError: 2.11186e-01	AbsError: 5.16817e-02
      Equation: "PotentialEquation"	RelError: 2.11186e-01	AbsError: 5.16817e-02
Iteration: 4
  Device: "gui_measure_device"	RelError: 1.50881e-01	AbsError: 4.34850e-02
    Region: "Si"	RelError: 1.50881e-01	AbsError: 4.34850e-02
      Equation: "PotentialEquation"	RelError: 1.50881e-01	AbsError: 4.34850e-02
Iteration: 5
  Device: "gui_measure_device"	RelError: 1.04835e-01	AbsError: 3.37525e-02
    Region: "Si"	RelError: 1.04835e-01	AbsError: 3.37525e-02
      Equation: "PotentialEquation"	RelError: 1.04835e-01	AbsError: 3.37525e-02
Iteration: 6
  Device: "gui_measure_device"	RelError: 6.51410e-02	AbsError: 2.24341e-02
    Region: "Si"	RelError: 6.51410e-02	AbsError: 2.24341e-02
      Equation: "PotentialEquation"	RelError: 6.51410e-02	AbsError: 2.24341e-02
Iteration: 7
  Device: "gui_measure_device"	RelError: 3.70516e-02	AbsError: 1.32513e-02
    Region: "Si"	RelError: 3.70516e-02	AbsError: 1.32513e-02
      Equation: "PotentialEquation"	RelError: 3.70516e-02	AbsError: 1.32513e-02
Iteration: 8
  Device: "gui_measure_device"	RelError: 1.59208e-16	AbsError: 5.69399e-17
    Region: "Si"	RelError: 1.59208e-16	AbsError: 5.69399e-17
      Equation: "PotentialEquation"	RelError: 1.59208e-16	AbsError: 5.69399e-17
Warning: Replacing equation with equation of the same name.
Region: Si, Equation: PotentialEquation, Variable: Potential
number of equations 219
Iteration: 0
  Device: "gui_measure_device"	RelError: 4.52905e-15	AbsError: 2.20000e+01
    Region: "Si"	RelError: 4.52905e-15	AbsError: 2.20000e+01
      Equation: "ElectronContinuityEquation"	RelError: 2.20000e-15	AbsError: 2.20000e+01
      Equation: "HoleContinuityEquation"	RelError: 2.17384e-15	AbsError: 2.17384e-11
      Equation: "PotentialEquation"	RelError: 1.55213e-16	AbsError: 5.55112e-17
number of equations 219
Iteration: 0
  Device: "gui_measure_device"	RelError: 2.80391e-03	AbsError: 7.52390e-02
    Region: "Si"	RelError: 2.80391e-03	AbsError: 7.52390e-02
      Equation: "ElectronContinuityEquation"	RelError: 7.42390e-18	AbsError: 7.42390e-02
      Equation: "HoleContinuityEquation"	RelError: 1.02846e-16	AbsError: 1.02846e-12
      Equation: "PotentialEquation"	RelError: 2.80391e-03	AbsError: 1.00000e-03
Iteration: 1
  Device: "gui_measure_device"	RelError: 2.62072e-16	AbsError: 3.71783e-04
    Region: "Si"	RelError: 2.62072e-16	AbsError: 3.71783e-04
      Equation: "ElectronContinuityEquation"	RelError: 3.71783e-20	AbsError: 3.71783e-04
      Equation: "HoleContinuityEquation"	RelError: 1.84286e-16	AbsError: 1.84286e-12
      Equation: "PotentialEquation"	RelError: 7.77492e-17	AbsError: 2.77484e-17
n_single_neg {'donor': 1e+16, 'acceptor': 0.0, 'net': 1e+16, 'physics_status': None} {'Si_xmin': 0.0001600000000002224, 'Si_xmax': -0.0001600000000002224}
Physical group name Si has 0 Tetrahedra.
Physical group name Si has 116 Triangles.
Physical group name Si has 188 Lines.
Physical group name Si has 73 Points.
Physical group name Si_xmax has 0 Tetrahedra.
Physical group name Si_xmax has 0 Triangles.
Physical group name Si_xmax has 2 Lines.
Physical group name Si_xmax has 3 Points.
Physical group name Si_xmin has 0 Tetrahedra.
Physical group name Si_xmin has 0 Triangles.
Physical group name Si_xmin has 2 Lines.
Physical group name Si_xmin has 3 Points.
Device gui_measure_device has 73 coordinates with max index 72
Region Si has 73 nodes.
Contact Si_xmax in region Si with 3 nodes
Contact Si_xmin in region Si with 3 nodes
Creating Node Solution Potential
number of equations 73
Iteration: 0
  Device: "gui_measure_device"	RelError: 1.00000e+00	AbsError: 1.50243e-01
    Region: "Si"	RelError: 1.00000e+00	AbsError: 1.50243e-01
      Equation: "PotentialEquation"	RelError: 1.00000e+00	AbsError: 1.50243e-01
Iteration: 1
  Device: "gui_measure_device"	RelError: 4.95922e-01	AbsError: 1.47812e-01
    Region: "Si"	RelError: 4.95922e-01	AbsError: 1.47812e-01
      Equation: "PotentialEquation"	RelError: 4.95922e-01	AbsError: 1.47812e-01
Iteration: 2
  Device: "gui_measure_device"	RelError: 3.03726e-01	AbsError: 8.00027e-02
    Region: "Si"	RelError: 3.03726e-01	AbsError: 8.00027e-02
      Equation: "PotentialEquation"	RelError: 3.03726e-01	AbsError: 8.00027e-02
Iteration: 3
  Device: "gui_measure_device"	RelError: 2.11186e-01	AbsError: 5.16817e-02
    Region: "Si"	RelError: 2.11186e-01	AbsError: 5.16817e-02
      Equation: "PotentialEquation"	RelError: 2.11186e-01	AbsError: 5.16817e-02
Iteration: 4
  Device: "gui_measure_device"	RelError: 1.50881e-01	AbsError: 4.34850e-02
    Region: "Si"	RelError: 1.50881e-01	AbsError: 4.34850e-02
      Equation: "PotentialEquation"	RelError: 1.50881e-01	AbsError: 4.34850e-02
Iteration: 5
  Device: "gui_measure_device"	RelError: 1.04835e-01	AbsError: 3.37525e-02
    Region: "Si"	RelError: 1.04835e-01	AbsError: 3.37525e-02
      Equation: "PotentialEquation"	RelError: 1.04835e-01	AbsError: 3.37525e-02
Iteration: 6
  Device: "gui_measure_device"	RelError: 6.51410e-02	AbsError: 2.24341e-02
    Region: "Si"	RelError: 6.51410e-02	AbsError: 2.24341e-02
      Equation: "PotentialEquation"	RelError: 6.51410e-02	AbsError: 2.24341e-02
Iteration: 7
  Device: "gui_measure_device"	RelError: 3.70516e-02	AbsError: 1.32513e-02
    Region: "Si"	RelError: 3.70516e-02	AbsError: 1.32513e-02
      Equation: "PotentialEquation"	RelError: 3.70516e-02	AbsError: 1.32513e-02
Iteration: 8
  Device: "gui_measure_device"	RelError: 1.45018e-16	AbsError: 5.18649e-17
    Region: "Si"	RelError: 1.45018e-16	AbsError: 5.18649e-17
      Equation: "PotentialEquation"	RelError: 1.45018e-16	AbsError: 5.18649e-17
Warning: Replacing equation with equation of the same name.
Region: Si, Equation: PotentialEquation, Variable: Potential
number of equations 219
Iteration: 0
  Device: "gui_measure_device"	RelError: 3.06194e-15	AbsError: 1.60000e+01
    Region: "Si"	RelError: 3.06194e-15	AbsError: 1.60000e+01
      Equation: "ElectronContinuityEquation"	RelError: 1.46194e-15	AbsError: 1.46194e-11
      Equation: "HoleContinuityEquation"	RelError: 1.60000e-15	AbsError: 1.60000e+01
      Equation: "PotentialEquation"	RelError: 7.23880e-26	AbsError: 2.58892e-26
number of equations 219
Iteration: 0
  Device: "gui_measure_device"	RelError: 2.80391e-03	AbsError: 1.47586e-01
    Region: "Si"	RelError: 2.80391e-03	AbsError: 1.47586e-01
      Equation: "ElectronContinuityEquation"	RelError: 1.42846e-16	AbsError: 1.42846e-12
      Equation: "HoleContinuityEquation"	RelError: 1.46586e-17	AbsError: 1.46586e-01
      Equation: "PotentialEquation"	RelError: 2.80391e-03	AbsError: 1.00000e-03
Iteration: 1
  Device: "gui_measure_device"	RelError: 2.59884e-16	AbsError: 3.71783e-04
    Region: "Si"	RelError: 2.59884e-16	AbsError: 3.71783e-04
      Equation: "ElectronContinuityEquation"	RelError: 1.82113e-16	AbsError: 1.82113e-12
      Equation: "HoleContinuityEquation"	RelError: 3.71783e-20	AbsError: 3.71783e-04
      Equation: "PotentialEquation"	RelError: 7.77342e-17	AbsError: 2.77450e-17
p_single_pos {'donor': 0.0, 'acceptor': 1e+16, 'net': -1e+16, 'physics_status': None} {'Si_xmin': -8.000000000023121e-05, 'Si_xmax': 8.000000000023121e-05}
Physical group name Si has 0 Tetrahedra.
Physical group name Si has 116 Triangles.
Physical group name Si has 188 Lines.
Physical group name Si has 73 Points.
Physical group name Si_xmax has 0 Tetrahedra.
Physical group name Si_xmax has 0 Triangles.
Physical group name Si_xmax has 2 Lines.
Physical group name Si_xmax has 3 Points.
Physical group name Si_xmin has 0 Tetrahedra.
Physical group name Si_xmin has 0 Triangles.
Physical group name Si_xmin has 2 Lines.
Physical group name Si_xmin has 3 Points.
Device gui_measure_device has 73 coordinates with max index 72
Region Si has 73 nodes.
Contact Si_xmax in region Si with 3 nodes
Contact Si_xmin in region Si with 3 nodes
Creating Node Solution Potential
number of equations 73
Iteration: 0
  Device: "gui_measure_device"	RelError: 1.00000e+00	AbsError: 1.50243e-01
    Region: "Si"	RelError: 1.00000e+00	AbsError: 1.50243e-01
      Equation: "PotentialEquation"	RelError: 1.00000e+00	AbsError: 1.50243e-01
Iteration: 1
  Device: "gui_measure_device"	RelError: 4.95922e-01	AbsError: 1.47812e-01
    Region: "Si"	RelError: 4.95922e-01	AbsError: 1.47812e-01
      Equation: "PotentialEquation"	RelError: 4.95922e-01	AbsError: 1.47812e-01
Iteration: 2
  Device: "gui_measure_device"	RelError: 3.03726e-01	AbsError: 8.00027e-02
    Region: "Si"	RelError: 3.03726e-01	AbsError: 8.00027e-02
      Equation: "PotentialEquation"	RelError: 3.03726e-01	AbsError: 8.00027e-02
Iteration: 3
  Device: "gui_measure_device"	RelError: 2.11186e-01	AbsError: 5.16817e-02
    Region: "Si"	RelError: 2.11186e-01	AbsError: 5.16817e-02
      Equation: "PotentialEquation"	RelError: 2.11186e-01	AbsError: 5.16817e-02
Iteration: 4
  Device: "gui_measure_device"	RelError: 1.50881e-01	AbsError: 4.34850e-02
    Region: "Si"	RelError: 1.50881e-01	AbsError: 4.34850e-02
      Equation: "PotentialEquation"	RelError: 1.50881e-01	AbsError: 4.34850e-02
Iteration: 5
  Device: "gui_measure_device"	RelError: 1.04835e-01	AbsError: 3.37525e-02
    Region: "Si"	RelError: 1.04835e-01	AbsError: 3.37525e-02
      Equation: "PotentialEquation"	RelError: 1.04835e-01	AbsError: 3.37525e-02
Iteration: 6
  Device: "gui_measure_device"	RelError: 6.51410e-02	AbsError: 2.24341e-02
    Region: "Si"	RelError: 6.51410e-02	AbsError: 2.24341e-02
      Equation: "PotentialEquation"	RelError: 6.51410e-02	AbsError: 2.24341e-02
Iteration: 7
  Device: "gui_measure_device"	RelError: 3.70516e-02	AbsError: 1.32513e-02
    Region: "Si"	RelError: 3.70516e-02	AbsError: 1.32513e-02
      Equation: "PotentialEquation"	RelError: 3.70516e-02	AbsError: 1.32513e-02
Iteration: 8
  Device: "gui_measure_device"	RelError: 1.45018e-16	AbsError: 5.18649e-17
    Region: "Si"	RelError: 1.45018e-16	AbsError: 5.18649e-17
      Equation: "PotentialEquation"	RelError: 1.45018e-16	AbsError: 5.18649e-17
Warning: Replacing equation with equation of the same name.
Region: Si, Equation: PotentialEquation, Variable: Potential
number of equations 219
Iteration: 0
  Device: "gui_measure_device"	RelError: 3.06194e-15	AbsError: 1.60000e+01
    Region: "Si"	RelError: 3.06194e-15	AbsError: 1.60000e+01
      Equation: "ElectronContinuityEquation"	RelError: 1.46194e-15	AbsError: 1.46194e-11
      Equation: "HoleContinuityEquation"	RelError: 1.60000e-15	AbsError: 1.60000e+01
      Equation: "PotentialEquation"	RelError: 7.23880e-26	AbsError: 2.58892e-26
number of equations 219
Iteration: 0
  Device: "gui_measure_device"	RelError: 2.78827e-03	AbsError: 1.47586e-01
    Region: "Si"	RelError: 2.78827e-03	AbsError: 1.47586e-01
      Equation: "ElectronContinuityEquation"	RelError: 1.42846e-16	AbsError: 1.42846e-12
      Equation: "HoleContinuityEquation"	RelError: 1.46586e-17	AbsError: 1.46586e-01
      Equation: "PotentialEquation"	RelError: 2.78827e-03	AbsError: 1.00000e-03
Iteration: 1
  Device: "gui_measure_device"	RelError: 2.62896e-16	AbsError: 3.71757e-04
    Region: "Si"	RelError: 2.62896e-16	AbsError: 3.71757e-04
      Equation: "ElectronContinuityEquation"	RelError: 1.85336e-16	AbsError: 1.85336e-12
      Equation: "HoleContinuityEquation"	RelError: 3.71757e-20	AbsError: 3.71757e-04
      Equation: "PotentialEquation"	RelError: 7.75229e-17	AbsError: 2.77450e-17
p_single_neg {'donor': 0.0, 'acceptor': 1e+16, 'net': -1e+16, 'physics_status': None} {'Si_xmin': 8.000000000023121e-05, 'Si_xmax': -8.000000000023121e-05}
Physical group name Si has 0 Tetrahedra.
Physical group name Si has 116 Triangles.
Physical group name Si has 188 Lines.
Physical group name Si has 73 Points.
Physical group name Si_xmax has 0 Tetrahedra.
Physical group name Si_xmax has 0 Triangles.
Physical group name Si_xmax has 2 Lines.
Physical group name Si_xmax has 3 Points.
Physical group name Si_xmin has 0 Tetrahedra.
Physical group name Si_xmin has 0 Triangles.
Physical group name Si_xmin has 2 Lines.
Physical group name Si_xmin has 3 Points.
Device gui_measure_device has 73 coordinates with max index 72
Region Si has 73 nodes.
Contact Si_xmax in region Si with 3 nodes
Contact Si_xmin in region Si with 3 nodes
n_comp_da_pos TRANSPORT_BLOCKED COMPENSATED_TRANSPORT_MODEL_MISSING solves 0 writes 0
Physical group name Si has 0 Tetrahedra.
Physical group name Si has 116 Triangles.
Physical group name Si has 188 Lines.
Physical group name Si has 73 Points.
Physical group name Si_xmax has 0 Tetrahedra.
Physical group name Si_xmax has 0 Triangles.
Physical group name Si_xmax has 2 Lines.
Physical group name Si_xmax has 3 Points.
Physical group name Si_xmin has 0 Tetrahedra.
Physical group name Si_xmin has 0 Triangles.
Physical group name Si_xmin has 2 Lines.
Physical group name Si_xmin has 3 Points.
Device gui_measure_device has 73 coordinates with max index 72
Region Si has 73 nodes.
Contact Si_xmax in region Si with 3 nodes
Contact Si_xmin in region Si with 3 nodes
n_comp_da_neg TRANSPORT_BLOCKED COMPENSATED_TRANSPORT_MODEL_MISSING solves 0 writes 0
Physical group name Si has 0 Tetrahedra.
Physical group name Si has 116 Triangles.
Physical group name Si has 188 Lines.
Physical group name Si has 73 Points.
Physical group name Si_xmax has 0 Tetrahedra.
Physical group name Si_xmax has 0 Triangles.
Physical group name Si_xmax has 2 Lines.
Physical group name Si_xmax has 3 Points.
Physical group name Si_xmin has 0 Tetrahedra.
Physical group name Si_xmin has 0 Triangles.
Physical group name Si_xmin has 2 Lines.
Physical group name Si_xmin has 3 Points.
Device gui_measure_device has 73 coordinates with max index 72
Region Si has 73 nodes.
Contact Si_xmax in region Si with 3 nodes
Contact Si_xmin in region Si with 3 nodes
n_comp_ad_pos TRANSPORT_BLOCKED COMPENSATED_TRANSPORT_MODEL_MISSING solves 0 writes 0
Physical group name Si has 0 Tetrahedra.
Physical group name Si has 116 Triangles.
Physical group name Si has 188 Lines.
Physical group name Si has 73 Points.
Physical group name Si_xmax has 0 Tetrahedra.
Physical group name Si_xmax has 0 Triangles.
Physical group name Si_xmax has 2 Lines.
Physical group name Si_xmax has 3 Points.
Physical group name Si_xmin has 0 Tetrahedra.
Physical group name Si_xmin has 0 Triangles.
Physical group name Si_xmin has 2 Lines.
Physical group name Si_xmin has 3 Points.
Device gui_measure_device has 73 coordinates with max index 72
Region Si has 73 nodes.
Contact Si_xmax in region Si with 3 nodes
Contact Si_xmin in region Si with 3 nodes
n_comp_ad_neg TRANSPORT_BLOCKED COMPENSATED_TRANSPORT_MODEL_MISSING solves 0 writes 0
Physical group name Si has 0 Tetrahedra.
Physical group name Si has 116 Triangles.
Physical group name Si has 188 Lines.
Physical group name Si has 73 Points.
Physical group name Si_xmax has 0 Tetrahedra.
Physical group name Si_xmax has 0 Triangles.
Physical group name Si_xmax has 2 Lines.
Physical group name Si_xmax has 3 Points.
Physical group name Si_xmin has 0 Tetrahedra.
Physical group name Si_xmin has 0 Triangles.
Physical group name Si_xmin has 2 Lines.
Physical group name Si_xmin has 3 Points.
Device gui_measure_device has 73 coordinates with max index 72
Region Si has 73 nodes.
Contact Si_xmax in region Si with 3 nodes
Contact Si_xmin in region Si with 3 nodes
p_comp_ad_pos TRANSPORT_BLOCKED COMPENSATED_TRANSPORT_MODEL_MISSING solves 0 writes 0
Physical group name Si has 0 Tetrahedra.
Physical group name Si has 116 Triangles.
Physical group name Si has 188 Lines.
Physical group name Si has 73 Points.
Physical group name Si_xmax has 0 Tetrahedra.
Physical group name Si_xmax has 0 Triangles.
Physical group name Si_xmax has 2 Lines.
Physical group name Si_xmax has 3 Points.
Physical group name Si_xmin has 0 Tetrahedra.
Physical group name Si_xmin has 0 Triangles.
Physical group name Si_xmin has 2 Lines.
Physical group name Si_xmin has 3 Points.
Device gui_measure_device has 73 coordinates with max index 72
Region Si has 73 nodes.
Contact Si_xmax in region Si with 3 nodes
Contact Si_xmin in region Si with 3 nodes
p_comp_ad_neg TRANSPORT_BLOCKED COMPENSATED_TRANSPORT_MODEL_MISSING solves 0 writes 0
Physical group name Si has 0 Tetrahedra.
Physical group name Si has 116 Triangles.
Physical group name Si has 188 Lines.
Physical group name Si has 73 Points.
Physical group name Si_xmax has 0 Tetrahedra.
Physical group name Si_xmax has 0 Triangles.
Physical group name Si_xmax has 2 Lines.
Physical group name Si_xmax has 3 Points.
Physical group name Si_xmin has 0 Tetrahedra.
Physical group name Si_xmin has 0 Triangles.
Physical group name Si_xmin has 2 Lines.
Physical group name Si_xmin has 3 Points.
Device gui_measure_device has 73 coordinates with max index 72
Region Si has 73 nodes.
Contact Si_xmax in region Si with 3 nodes
Contact Si_xmin in region Si with 3 nodes
p_comp_da_pos TRANSPORT_BLOCKED COMPENSATED_TRANSPORT_MODEL_MISSING solves 0 writes 0
Physical group name Si has 0 Tetrahedra.
Physical group name Si has 116 Triangles.
Physical group name Si has 188 Lines.
Physical group name Si has 73 Points.
Physical group name Si_xmax has 0 Tetrahedra.
Physical group name Si_xmax has 0 Triangles.
Physical group name Si_xmax has 2 Lines.
Physical group name Si_xmax has 3 Points.
Physical group name Si_xmin has 0 Tetrahedra.
Physical group name Si_xmin has 0 Triangles.
Physical group name Si_xmin has 2 Lines.
Physical group name Si_xmin has 3 Points.
Device gui_measure_device has 73 coordinates with max index 72
Region Si has 73 nodes.
Contact Si_xmax in region Si with 3 nodes
Contact Si_xmin in region Si with 3 nodes
p_comp_da_neg TRANSPORT_BLOCKED COMPENSATED_TRANSPORT_MODEL_MISSING solves 0 writes 0
{"pass": true, "cases": 12, "solves": 12}
