Searching DEVSIM_MATH_LIBS="mkl_rt.3.dll"
Loading "mkl_rt.3.dll": Intel MKL with PARDISO LOADED
[r1] test_mesh_area_conservation_mock rc=0 wall=0.2s
Searching DEVSIM_MATH_LIBS="mkl_rt.3.dll"
Loading "mkl_rt.3.dll": Intel MKL with PARDISO LOADED
single material exact: pass, rel 0.0 B/A 2.0763317285927413e-14
two materials exact, large-coordinate control: pass
cancelling region errors: refused per region
tolerance boundary: B(1 - 2^-10) pass, B(1 + 2^-10) refused
certification limit boundary: B/A 1e-8(1 - 2^-10) pass, 1e-8(1 + 2^-10) refused
P0 sliver S = 2A: refused, B/A 2.842170943040401, S/A-1 1.0
P0 sliver S = A: refused, B/A 2.842170943040401, S/A-1 0.0
non-finite budget / S overflow / o_t overflow / zero area: refused
normal shape, S = A + 0.01: MESH_AREA_NOT_CONSERVED
non-finite / non-positive / missing NodeVolume, element mismatch: refused
input checks: non-finite, non-planar, extra cells, unmapped tag, empty region, duplicate, degenerate, mixed: refused; consistent clockwise accepted
ALL MESH AREA CONSERVATION MOCK CHECKS PASSED

[r1] test_mesh_area_conservation_gate_real rc=0 wall=197.1s
ical group name Si has 1497724 Lines.
Physical group name Si has 499725 Points.
Physical group name Si_xmax has 0 Tetrahedra.
Physical group name Si_xmax has 0 Triangles.
Physical group name Si_xmax has 200 Lines.
Physical group name Si_xmax has 201 Points.
Physical group name Si_xmin has 0 Tetrahedra.
Physical group name Si_xmin has 0 Triangles.
Physical group name Si_xmin has 200 Lines.
Physical group name Si_xmin has 201 Points.
Device gui_measure_device has 499725 coordinates with max index 499724
Region Si has 499725 nodes.
Contact Si_xmax in region Si with 201 nodes
Contact Si_xmin in region Si with 201 nodes
[PASS] gui_measure_G1_reaches_importer: {"imported": ["gui_measure_device"], "status_reason": null, "calls": {"solve": 0, "node_model": 0, "set_node_values": 0, "set_node_value": 0}, "number_shown": false, "errors": ["control stop after a successful import"]}
Physical group name P1 has 0 Tetrahedra.
Physical group name P1 has 0 Triangles.
Physical group name P1 has 128 Lines.
Physical group name P1 has 129 Points.
Physical group name Si has 0 Tetrahedra.
Physical group name Si has 1459200 Triangles.
Physical group name Si has 2190108 Lines.
Physical group name Si has 730909 Points.
Device gui_electrode_device has 730909 coordinates with max index 730908
Region Si has 730909 nodes.
Contact P1 in region Si with 129 nodes
[PASS] gui_pins_G2_refused: {"status_reason": "MESH_AREA_NOT_CONSERVED", "calls": {"solve": 0, "node_model": 0, "set_node_values": 0, "set_node_value": 0}, "errors": ["UNSUPPORTED_BY_MODEL (MESH_AREA_NOT_CONSERVED): region 'Si': triangle area 4.999999310821319e-07, NodeVolume sum 5.015624284563546e-07, relative difference 0.0031249951791816333, tolerance B/A 2.1077991226866585e-14\n\nPins not resolved: no device was kept, no doping was written and nothing will be so"]}
[PASS] gui_dc_op_after_G2_refusal_solves_nothing: {"return": null}
Physical group name P1 has 0 Tetrahedra.
Physical group name P1 has 0 Triangles.
Physical group name P1 has 128 Lines.
Physical group name P1 has 129 Points.
Physical group name Si has 0 Tetrahedra.
Physical group name Si has 998000 Triangles.
Physical group name Si has 1497724 Lines.
Physical group name Si has 499725 Points.
Device gui_electrode_device has 499725 coordinates with max index 499724
Region Si has 499725 nodes.
Contact P1 in region Si with 129 nodes
[PASS] gui_pins_G1_reaches_importer: {"imported": ["gui_electrode_device"], "errors": []}
Physical group name Si has 0 Tetrahedra.
Physical group name Si has 1459200 Triangles.
Physical group name Si has 2190108 Lines.
Physical group name Si has 730909 Points.
Physical group name Si_xmax has 0 Tetrahedra.
Physical group name Si_xmax has 0 Triangles.
Physical group name Si_xmax has 400 Lines.
Physical group name Si_xmax has 401 Points.
Physical group name Si_xmin has 0 Tetrahedra.
Physical group name Si_xmin has 0 Triangles.
Physical group name Si_xmin has 400 Lines.
Physical group name Si_xmin has 401 Points.
Device cli_device has 730909 coordinates with max index 730908
Region Si has 730909 nodes.
Contact Si_xmax in region Si with 401 nodes
Contact Si_xmin in region Si with 401 nodes
[PASS] cli_G2_refused: {"calls": {"solve": 0, "node_model": 0, "set_node_values": 0, "set_node_value": 0}, "doping_calls": 0, "files": []}
[PASS] no_devices_left_at_end: {"devices": []}
SUMMARY {"results": {"input_sha_G0": true, "input_sha_G1": true, "input_sha_G2": true, "control_G0_imported": true, "control_G1_imported": true, "G2_refused": true, "same_name_retry_after_refusal": true, "control_two_material": true, "control_large_coordinates": true, "gui_measure_G2_refused": true, "gui_measure_G1_reaches_importer": true, "gui_pins_G2_refused": true, "gui_dc_op_after_G2_refusal_solves_nothing": true, "gui_pins_G1_reaches_importer": true, "cli_G2_refused": true, "no_devices_left_at_end": true}, "calls_total": {"solve": 0, "node_model": 0, "set_node_values": 0, "set_node_value": 0}}
ALL MESH AREA CONSERVATION GATE REAL CHECKS PASSED

[r1] test_mesh_gate_small_laplace_control_real rc=0 wall=0.5s
Searching DEVSIM_MATH_LIBS="mkl_rt.3.dll"
Loading "mkl_rt.3.dll": Intel MKL with PARDISO LOADED
Physical group name Si has 0 Tetrahedra.
Physical group name Si has 12 Triangles.
Physical group name Si has 23 Lines.
Physical group name Si has 12 Points.
Physical group name Si_xmax has 0 Tetrahedra.
Physical group name Si_xmax has 0 Triangles.
Physical group name Si_xmax has 2 Lines.
Physical group name Si_xmax has 3 Points.
Physical group name Si_xmin has 0 Tetrahedra.
Physical group name Si_xmin has 0 Triangles.
Physical group name Si_xmin has 2 Lines.
Physical group name Si_xmin has 3 Points.
Device gate_laplace_device has 12 coordinates with max index 11
Region Si has 12 nodes.
Contact Si_xmax in region Si with 3 nodes
Contact Si_xmin in region Si with 3 nodes
number of equations 12
Iteration: 0
  Device: "gate_laplace_device"	RelError: 1.00000e+00	AbsError: 1.00000e+00
    Region: "Si"	RelError: 1.00000e+00	AbsError: 1.00000e+00
      Equation: "PotentialEquation"	RelError: 1.00000e+00	AbsError: 1.00000e+00
Iteration: 1
  Device: "gate_laplace_device"	RelError: 8.01083e-16	AbsError: 2.40325e-16
    Region: "Si"	RelError: 8.01083e-16	AbsError: 2.40325e-16
      Equation: "PotentialEquation"	RelError: 8.01083e-16	AbsError: 2.40325e-16
area report: {'triangles': 12, 'devsim_elements': 12, 'nodes': 12, 'A': 2.0000000000000004e-08, 'certification_limit': 1e-08, 'budget_basis': 'ASSUMED_BOUND: E_NV = 128 u sum_t A_t / sin(theta_min,t), inherited from 7H-E2 PLAN section 4, not derived from DEVSIM source; E_A = gamma4 two-product rounding bound + u A; E_S = u S (correctly rounded fsum)', 'S': 2e-08, 'relative_difference': -1.1102230246251565e-16, 'E_A': 1.1102230246251572e-23, 'E_S': 2.220446049250313e-24, 'E_NV': 5.102336721269242e-22, 'B': 5.235563484224261e-22, 'relative_uncertainty': 2.61778174211213e-14, 'pass': True}
solve calls 1, nodes 12, max |Potential - exact| = 0.000e+00 V (tolerance 1.0e-09 V)
MESH GATE SMALL LAPLACE CONTROL PASSED

[r1] diag_r1_A rc=0 wall=0.8s
Searching DEVSIM_MATH_LIBS="mkl_rt.3.dll"
Loading "mkl_rt.3.dll": Intel MKL with PARDISO LOADED
    Process time: 0.5000 / 0.5000 s
[0mPhysical group name Mask has 0 Tetrahedra.
Physical group name Mask has 132 Triangles.
Physical group name Mask has 224 Lines.
Physical group name Mask has 94 Points.
Physical group name Si has 0 Tetrahedra.
Physical group name Si has 1004 Triangles.
Physical group name Si has 1553 Lines.
Physical group name Si has 550 Points.
Physical group name Si_xmax has 0 Tetrahedra.
Physical group name Si_xmax has 0 Triangles.
Physical group name Si_xmax has 25 Lines.
Physical group name Si_xmax has 26 Points.
Physical group name Si_xmin has 0 Tetrahedra.
Physical group name Si_xmin has 0 Triangles.
Physical group name Si_xmin has 25 Lines.
Physical group name Si_xmin has 26 Points.
Device r1_A_prod_device has 622 coordinates with max index 621
Region Mask has 94 nodes.
Region Si has 550 nodes.
Contact Si_xmax in region Si with 26 nodes
Contact Si_xmin in region Si with 26 nodes
Physical group name Mask has 0 Tetrahedra.
Physical group name Mask has 132 Triangles.
Physical group name Mask has 224 Lines.
Physical group name Mask has 94 Points.
Physical group name Si has 0 Tetrahedra.
Physical group name Si has 1004 Triangles.
Physical group name Si has 1553 Lines.
Physical group name Si has 550 Points.
Physical group name Si_xmax has 0 Tetrahedra.
Physical group name Si_xmax has 0 Triangles.
Physical group name Si_xmax has 25 Lines.
Physical group name Si_xmax has 26 Points.
Physical group name Si_xmin has 0 Tetrahedra.
Physical group name Si_xmin has 0 Triangles.
Physical group name Si_xmin has 25 Lines.
Physical group name Si_xmin has 26 Points.
Device r1_A_diag_device has 622 coordinates with max index 621
Region Mask has 94 nodes.
Region Si has 550 nodes.
Contact Si_xmax in region Si with 26 nodes
Contact Si_xmin in region Si with 26 nodes
{"which": "A", "status": "OK", "error": null, "calls": {}}

[r1] diag_r1_B rc=0 wall=1.7s
Searching DEVSIM_MATH_LIBS="mkl_rt.3.dll"
Loading "mkl_rt.3.dll": Intel MKL with PARDISO LOADED
Physical group name Si has 0 Tetrahedra.
Physical group name Si has 200 Triangles.
Physical group name Si has 325 Lines.
Physical group name Si has 126 Points.
Physical group name Si_xmax has 0 Tetrahedra.
Physical group name Si_xmax has 0 Triangles.
Physical group name Si_xmax has 5 Lines.
Physical group name Si_xmax has 6 Points.
Physical group name Si_xmin has 0 Tetrahedra.
Physical group name Si_xmin has 0 Triangles.
Physical group name Si_xmin has 5 Lines.
Physical group name Si_xmin has 6 Points.
Device r1_B_raw_prod_device has 126 coordinates with max index 125
Region Si has 126 nodes.
Contact Si_xmax in region Si with 6 nodes
Contact Si_xmin in region Si with 6 nodes
Physical group name Si has 0 Tetrahedra.
Physical group name Si has 200 Triangles.
Physical group name Si has 325 Lines.
Physical group name Si has 126 Points.
Physical group name Si_xmax has 0 Tetrahedra.
Physical group name Si_xmax has 0 Triangles.
Physical group name Si_xmax has 5 Lines.
Physical group name Si_xmax has 6 Points.
Physical group name Si_xmin has 0 Tetrahedra.
Physical group name Si_xmin has 0 Triangles.
Physical group name Si_xmin has 5 Lines.
Physical group name Si_xmin has 6 Points.
Device r1_B_raw_diag_device has 126 coordinates with max index 125
Region Si has 126 nodes.
Contact Si_xmax in region Si with 6 nodes
Contact Si_xmin in region Si with 6 nodes
Physical group name Si has 0 Tetrahedra.
Physical group name Si has 1040 Triangles.
Physical group name Si has 1601 Lines.
Physical group name Si has 562 Points.
Physical group name Si_xmax has 0 Tetrahedra.
Physical group name Si_xmax has 0 Triangles.
Physical group name Si_xmax has 5 Lines.
Physical group name Si_xmax has 6 Points.
Physical group name Si_xmin has 0 Tetrahedra.
Physical group name Si_xmin has 0 Triangles.
Physical group name Si_xmin has 5 Lines.
Physical group name Si_xmin has 6 Points.
Device r1_B_refined_prod_device has 562 coordinates with max index 561
Region Si has 562 nodes.
Contact Si_xmax in region Si with 6 nodes
Contact Si_xmin in region Si with 6 nodes
Physical group name Si has 0 Tetrahedra.
Physical group name Si has 1040 Triangles.
Physical group name Si has 1601 Lines.
Physical group name Si has 562 Points.
Physical group name Si_xmax has 0 Tetrahedra.
Physical group name Si_xmax has 0 Triangles.
Physical group name Si_xmax has 5 Lines.
Physical group name Si_xmax has 6 Points.
Physical group name Si_xmin has 0 Tetrahedra.
Physical group name Si_xmin has 0 Triangles.
Physical group name Si_xmin has 5 Lines.
Physical group name Si_xmin has 6 Points.
Device r1_B_refined_diag_device has 562 coordinates with max index 561
Region Si has 562 nodes.
Contact Si_xmax in region Si with 6 nodes
Contact Si_xmin in region Si with 6 nodes
{"which": "B", "status": "OK", "error": null, "calls": {}}

