Searching DEVSIM_MATH_LIBS="mkl_rt.3.dll"
Loading "mkl_rt.3.dll": Intel MKL with PARDISO LOADED
[e6e-tests] ['tests/run_regression.py'] rc=1 wall=449.1s
ws_from_mask_mock.py
  PASS    test_mask_spans_from_openings_mock.py
  PASS    test_measurement_canonical_state_gate_mock.py
  PASS    test_measurement_entry_point_gate_mock.py
  PASS    test_mesh_area_conservation_mock.py
  PASS    test_mesh_refine_mock.py
  PASS    test_phase1_bosch_mock.py
  PASS    test_physics_tables_mock.py
  PASS    test_physics_values_mock.py
  PASS    test_pin_model_mock.py
  PASS    test_resolver_mock.py
  PASS    test_step_junction_2d_gate_mock.py
  PASS    test_step_junction_2d_gate_precedence_mock.py
  PASS    test_thermal_anneal_mock.py
  PASS    test_wafer_state_doping_mock.py
  PASS    test_wafer_state_v2_anneal_fail_closed_mock.py
  PASS    test_wafer_state_v2_apply_doping_barrier_mock.py
  PASS    test_wafer_state_v2_barrier_physics_mock.py
  PASS    test_wafer_state_v2_devsim_mapping_gate_mock.py
  PASS    test_wafer_state_v2_etch_conservation_mock.py
  PASS    test_wafer_state_v2_exact_inventory_mock.py
  PASS    test_wafer_state_v2_explicit_doping_target_mock.py
  PASS    test_wafer_state_v2_fail_closed_no_resurrection_mock.py
  PASS    test_wafer_state_v2_gate_stack_fallback_fail_closed_mock.py
  PASS    test_wafer_state_v2_instance_not_name_mock.py
  PASS    test_wafer_state_v2_legacy_migration_fail_closed_mock.py
  PASS    test_wafer_state_v2_multi_extent_provenance_mock.py
  PASS    test_wafer_state_v2_no_last_step_category_mock.py
  PASS    test_wafer_state_v2_no_numeric_without_exact_integral_mock.py
  PASS    test_wafer_state_v2_oxidation_unsupported_mock.py
  PASS    test_wafer_state_v2_redeposit_no_resurrection_mock.py
  PASS    test_wafer_state_v2_remesh_preserved_mock.py
  PASS    test_wafer_state_v2_transform_structural_validation_mock.py
  PASS    test_wafer_state_v2_transform_targets_instance_mock.py
  PASS    test_wafer_state_v2_unsupported_returns_none_mock.py
  PASS    test_waferstate_sequential_advance_mock.py
  PASS    test_zero_duration_identity_state_contract_mock.py
  FAIL    test_auto_refine_from_doping_real.py
  PASS    test_basic_potential_linear_precision_real.py
  PASS    test_blanket_no_mask_real.py
  PASS    test_bosch_cycle_safety_real.py
  PASS    test_bosch_drie_resist_mask_real.py
  PASS    test_cad_negative_validation_real.py
  PASS    test_ce1_order_sensitive_geometry_real.py
  FAIL    test_ce2_oxidation_conversion_unsupported_real.py
  FAIL    test_ce3_implant_anneal_etch_implant_real.py
  PASS    test_deposition_mask_mode_real.py
  FAIL    test_device_fabrication_to_dc_sweep_real.py
  FAIL    test_device_lifecycle_repeat_real.py
  PASS    test_directional_deposition_growth_real.py
  FAIL    test_dopant_activation_devsim_gate_real.py
  FAIL    test_dopant_profile_matches_devsim_real.py
  FAIL    test_doping_barrier_windows_real.py
  PASS    test_doping_donor_acceptor_all_kinds_real.py
  FAIL    test_doping_mapping_per_node_real.py
  FAIL    test_doping_mapping_recovery_real.py
  PASS    test_doping_overlay_surface_profile_real.py
  PASS    test_etch_selectivity_real.py
  PASS    test_float32_boundary_snap_real.py
  PASS    test_gate_contact_placement_real.py
  PASS    test_gate_patterning_remask_real.py
  PASS    test_gate_stack_geometry_real.py
  FAIL    test_gaussian_implant_doping_real.py
  PASS    test_geometric_trench_deposition_real.py
  FAIL    test_gui_doping_color_overlay_real.py
  FAIL    test_gui_doping_donor_acceptor_real.py
  FAIL    test_gui_doping_survives_geometry_steps_real.py
  FAIL    test_gui_electrode_panel_real.py
  PASS    test_gui_headless_no_modal_hang_real.py
  FAIL    test_gui_implant_windows_overlay_note_real.py
  PASS    test_gui_litho_placeholder_visibility_real.py
  FAIL    test_gui_measurement_captures_physics_status_real.py
  FAIL    test_gui_measurement_doping_kinds_real.py
  PASS    test_gui_process_state_chaining_real.py
  FAIL    test_gui_thermal_anneal_real.py
  FAIL    test_implant_windows_doping_real.py
  PASS    test_koh_crystallographic_wet_etch_real.py
  PASS    test_litho_lifecycle_state_real.py
  PASS    test_locos_birds_beak_real.py
  PASS    test_locos_chaining_real.py
  PASS    test_locos_contact_mode_fix_real.py
  PASS    test_locos_devsim_import_real.py
  PASS    test_mask_spans_real.py
  FAIL    test_measurement_canonical_state_gate_real.py
  PASS    test_mesh_area_conservation_gate_real.py
  FAIL    test_mosfet_body_bias_real.py
  FAIL    test_mosfet_body_contact_real.py
  FAIL    test_mosfet_gate_stack_cv_real.py
  FAIL    test_mosfet_id_vds_real.py
  FAIL    test_mosfet_id_vgs_real.py
  FAIL    test_mosfet_vth_extraction_real.py
  PASS    test_order_independence_real.py
  PASS    test_oxidation_positive_time_unsupported_real.py
  PASS    test_oxidation_pr_etch_reaches_si_real.py
  PASS    test_oxidation_zero_duration_identity_real.py
  FAIL    test_phase13_process_flow_real.py
  FAIL    test_phase14_flow_devsim_real.py
  PASS    test_phase2_etching_real.py
  PASS    test_phase3_deposition_real.py
  PASS    test_phase4_oxidation_real.py
  FAIL    test_phase5_devsim_real.py
  FAIL    test_phase6_characterization_real.py
  FAIL    test_phase7_doping_real.py
  FAIL    test_phase8_pn_junction_real.py
  FAIL    test_phase9_mos_cv_real.py
  PASS    test_physics_references_real.py
  FAIL    test_physics_rules_real.py
  PASS    test_pin_placement_validation_real.py
  PASS    test_point_contact_import_real.py
  PASS    test_pr_strip_real.py
  FAIL    test_process_state_resume_real.py
  PASS    test_resolver_wired_real.py
  FAIL    test_robust_iv_sweep_real.py
  PASS    test_status_propagation_real.py
  PASS    test_step_junction_2d_gate_mutations_real.py
  PASS    test_step_junction_2d_gate_real.py
  PASS    test_thermal_anneal_acceptance_real.py
  FAIL    test_voltage_probe_real.py
  FAIL    test_wafer_state_accumulation_devsim_real.py
  FAIL    test_wafer_state_real.py
  FAIL    test_wafer_state_v2_initial_geometry_devsim_real.py
  PASS    test_waferstate_sequential_flow_real.py
  PASS    test_wet_etch_crystal_frame_real.py
101 passed, 41 failed, 0 timed out, 0 skipped

