Searching DEVSIM_MATH_LIBS="mkl_rt.3.dll"
Loading "mkl_rt.3.dll": Intel MKL with PARDISO LOADED
Physical group name Si has 0 Tetrahedra.
Physical group name Si has 242304 Triangles.
Physical group name Si has 365064 Lines.
Physical group name Si has 122761 Points.
Physical group name Si_xmax has 0 Tetrahedra.
Physical group name Si_xmax has 0 Triangles.
Physical group name Si_xmax has 64 Lines.
Physical group name Si_xmax has 65 Points.
Physical group name Si_xmin has 0 Tetrahedra.
Physical group name Si_xmin has 0 Triangles.
Physical group name Si_xmin has 64 Lines.
Physical group name Si_xmin has 65 Points.
Device e6nd_L2_fwd has 122761 coordinates with max index 122760
Region Si has 122761 nodes.
Contact Si_xmax in region Si with 65 nodes
Contact Si_xmin in region Si with 65 nodes
Creating Node Solution Potential
number of equations 122761
Iteration: 0
  Device: "e6nd_L2_fwd"	RelError: 1.00000e+00	AbsError: 3.26531e-01
    Region: "Si"	RelError: 1.00000e+00	AbsError: 3.26531e-01
      Equation: "PotentialEquation"	RelError: 1.00000e+00	AbsError: 3.26531e-01
Iteration: 1
  Device: "e6nd_L2_fwd"	RelError: 5.92084e+01	AbsError: 1.46929e-01
    Region: "Si"	RelError: 5.92084e+01	AbsError: 1.46929e-01
      Equation: "PotentialEquation"	RelError: 5.92084e+01	AbsError: 1.46929e-01
Iteration: 2
  Device: "e6nd_L2_fwd"	RelError: 1.43303e+00	AbsError: 6.98242e-02
    Region: "Si"	RelError: 1.43303e+00	AbsError: 6.98242e-02
      Equation: "PotentialEquation"	RelError: 1.43303e+00	AbsError: 6.98242e-02
Iteration: 3
  Device: "e6nd_L2_fwd"	RelError: 4.21361e+00	AbsError: 5.73651e-02
    Region: "Si"	RelError: 4.21361e+00	AbsError: 5.73651e-02
      Equation: "PotentialEquation"	RelError: 4.21361e+00	AbsError: 5.73651e-02
Iteration: 4
  Device: "e6nd_L2_fwd"	RelError: 1.04339e+00	AbsError: 5.01960e-02
    Region: "Si"	RelError: 1.04339e+00	AbsError: 5.01960e-02
      Equation: "PotentialEquation"	RelError: 1.04339e+00	AbsError: 5.01960e-02
Iteration: 5
  Device: "e6nd_L2_fwd"	RelError: 4.49535e-01	AbsError: 4.17220e-02
    Region: "Si"	RelError: 4.49535e-01	AbsError: 4.17220e-02
      Equation: "PotentialEquation"	RelError: 4.49535e-01	AbsError: 4.17220e-02
Iteration: 6
  Device: "e6nd_L2_fwd"	RelError: 8.18607e-02	AbsError: 3.16681e-02
    Region: "Si"	RelError: 8.18607e-02	AbsError: 3.16681e-02
      Equation: "PotentialEquation"	RelError: 8.18607e-02	AbsError: 3.16681e-02
Iteration: 7
  Device: "e6nd_L2_fwd"	RelError: 4.94127e-02	AbsError: 2.01091e-02
    Region: "Si"	RelError: 4.94127e-02	AbsError: 2.01091e-02
      Equation: "PotentialEquation"	RelError: 4.94127e-02	AbsError: 2.01091e-02
Iteration: 8
  Device: "e6nd_L2_fwd"	RelError: 2.46584e-02	AbsError: 1.02888e-02
    Region: "Si"	RelError: 2.46584e-02	AbsError: 1.02888e-02
      Equation: "PotentialEquation"	RelError: 2.46584e-02	AbsError: 1.02888e-02
Iteration: 9
  Device: "e6nd_L2_fwd"	RelError: 8.48173e-14	AbsError: 5.73868e-17
    Region: "Si"	RelError: 8.48173e-14	AbsError: 5.73868e-17
      Equation: "PotentialEquation"	RelError: 8.48173e-14	AbsError: 5.73868e-17
Warning: Replacing equation with equation of the same name.
Region: Si, Equation: PotentialEquation, Variable: Potential
number of equations 368283
Iteration: 0
  Device: "e6nd_L2_fwd"	RelError: 9.61723e-14	AbsError: 1.00800e+03
    Region: "Si"	RelError: 9.61723e-14	AbsError: 1.00800e+03
      Equation: "ElectronContinuityEquation"	RelError: 8.71861e-15	AbsError: 4.96000e+02
      Equation: "HoleContinuityEquation"	RelError: 7.89781e-15	AbsError: 5.12000e+02
      Equation: "PotentialEquation"	RelError: 7.95558e-14	AbsError: 1.29762e-16
number of equations 368283
Iteration: 0
  Device: "e6nd_L2_fwd"	RelError: 1.97679e+01	AbsError: 2.23725e+16
    Region: "Si"	RelError: 1.97679e+01	AbsError: 2.23725e+16
      Equation: "ElectronContinuityEquation"	RelError: 7.91927e-01	AbsError: 1.11866e+16
      Equation: "HoleContinuityEquation"	RelError: 7.91212e-01	AbsError: 1.11859e+16
      Equation: "PotentialEquation"	RelError: 1.81848e+01	AbsError: 4.09542e-02
Iteration: 1
  Device: "e6nd_L2_fwd"	RelError: 1.02880e+02	AbsError: 2.84065e+15
    Region: "Si"	RelError: 1.02880e+02	AbsError: 2.84065e+15
      Equation: "ElectronContinuityEquation"	RelError: 6.90020e-01	AbsError: 1.46239e+15
      Equation: "HoleContinuityEquation"	RelError: 7.85042e-01	AbsError: 1.37826e+15
      Equation: "PotentialEquation"	RelError: 1.01405e+02	AbsError: 3.07632e-02
Iteration: 2
  Device: "e6nd_L2_fwd"	RelError: 1.33591e+00	AbsError: 2.43167e+14
    Region: "Si"	RelError: 1.33591e+00	AbsError: 2.43167e+14
      Equation: "ElectronContinuityEquation"	RelError: 5.13480e-01	AbsError: 1.05572e+14
      Equation: "HoleContinuityEquation"	RelError: 4.95467e-01	AbsError: 1.37595e+14
      Equation: "PotentialEquation"	RelError: 3.26964e-01	AbsError: 2.58624e-02
Iteration: 3
  Device: "e6nd_L2_fwd"	RelError: 3.92633e-01	AbsError: 1.03411e+13
    Region: "Si"	RelError: 3.92633e-01	AbsError: 1.03411e+13
      Equation: "ElectronContinuityEquation"	RelError: 2.86502e-01	AbsError: 4.44291e+11
      Equation: "HoleContinuityEquation"	RelError: 7.72410e-02	AbsError: 9.89686e+12
      Equation: "PotentialEquation"	RelError: 2.88897e-02	AbsError: 9.16533e-03
Iteration: 4
  Device: "e6nd_L2_fwd"	RelError: 9.28444e-02	AbsError: 5.73495e+12
    Region: "Si"	RelError: 9.28444e-02	AbsError: 5.73495e+12
      Equation: "ElectronContinuityEquation"	RelError: 8.61352e-02	AbsError: 2.74841e+11
      Equation: "HoleContinuityEquation"	RelError: 1.43585e-04	AbsError: 5.46011e+12
      Equation: "PotentialEquation"	RelError: 6.56567e-03	AbsError: 1.93830e-06
Iteration: 5
  Device: "e6nd_L2_fwd"	RelError: 4.07318e-06	AbsError: 6.24037e+07
    Region: "Si"	RelError: 4.07318e-06	AbsError: 6.24037e+07
      Equation: "ElectronContinuityEquation"	RelError: 4.06570e-06	AbsError: 8.56183e+05
      Equation: "HoleContinuityEquation"	RelError: 7.10204e-09	AbsError: 6.15476e+07
      Equation: "PotentialEquation"	RelError: 3.76149e-10	AbsError: 7.23059e-12
Iteration: 6
  Device: "e6nd_L2_fwd"	RelError: 1.18260e-13	AbsError: 8.31197e+01
    Region: "Si"	RelError: 1.18260e-13	AbsError: 8.31197e+01
      Equation: "ElectronContinuityEquation"	RelError: 3.23175e-15	AbsError: 4.31306e+01
      Equation: "HoleContinuityEquation"	RelError: 4.06348e-15	AbsError: 3.99891e+01
      Equation: "PotentialEquation"	RelError: 1.10965e-13	AbsError: 5.60717e-17
number of equations 368283
Iteration: 0
  Device: "e6nd_L2_fwd"	RelError: 4.76275e+01	AbsError: 2.39533e+16
    Region: "Si"	RelError: 4.76275e+01	AbsError: 2.39533e+16
      Equation: "ElectronContinuityEquation"	RelError: 7.94197e-01	AbsError: 1.19761e+16
      Equation: "HoleContinuityEquation"	RelError: 7.94134e-01	AbsError: 1.19772e+16
      Equation: "PotentialEquation"	RelError: 4.60391e+01	AbsError: 4.09542e-02
Iteration: 1
  Device: "e6nd_L2_fwd"	RelError: 1.60854e+01	AbsError: 3.31103e+15
    Region: "Si"	RelError: 1.60854e+01	AbsError: 3.31103e+15
      Equation: "ElectronContinuityEquation"	RelError: 6.90995e-01	AbsError: 1.71080e+15
      Equation: "HoleContinuityEquation"	RelError: 7.86448e-01	AbsError: 1.60023e+15
      Equation: "PotentialEquation"	RelError: 1.46079e+01	AbsError: 3.07632e-02
Iteration: 2
  Device: "e6nd_L2_fwd"	RelError: 5.86643e+00	AbsError: 3.47741e+14
    Region: "Si"	RelError: 5.86643e+00	AbsError: 3.47741e+14
      Equation: "ElectronContinuityEquation"	RelError: 5.13903e-01	AbsError: 1.74629e+14
      Equation: "HoleContinuityEquation"	RelError: 4.96868e-01	AbsError: 1.73113e+14
      Equation: "PotentialEquation"	RelError: 4.85565e+00	AbsError: 2.58665e-02
Iteration: 3
  Device: "e6nd_L2_fwd"	RelError: 4.05411e-01	AbsError: 1.25248e+13
    Region: "Si"	RelError: 4.05411e-01	AbsError: 1.25248e+13
      Equation: "ElectronContinuityEquation"	RelError: 2.86561e-01	AbsError: 8.02767e+11
      Equation: "HoleContinuityEquation"	RelError: 7.66630e-02	AbsError: 1.17221e+13
      Equation: "PotentialEquation"	RelError: 4.21875e-02	AbsError: 9.16533e-03
Iteration: 4
  Device: "e6nd_L2_fwd"	RelError: 8.69614e-02	AbsError: 5.24909e+12
    Region: "Si"	RelError: 8.69614e-02	AbsError: 5.24909e+12
      Equation: "ElectronContinuityEquation"	RelError: 8.61669e-02	AbsError: 2.75029e+11
      Equation: "HoleContinuityEquation"	RelError: 1.32608e-04	AbsError: 4.97406e+12
      Equation: "PotentialEquation"	RelError: 6.61929e-04	AbsError: 1.78120e-06
Iteration: 5
  Device: "e6nd_L2_fwd"	RelError: 3.71394e-06	AbsError: 5.35066e+07
    Region: "Si"	RelError: 3.71394e-06	AbsError: 5.35066e+07
      Equation: "ElectronContinuityEquation"	RelError: 3.70805e-06	AbsError: 8.43571e+05
      Equation: "HoleContinuityEquation"	RelError: 5.86597e-09	AbsError: 5.26631e+07
      Equation: "PotentialEquation"	RelError: 2.82518e-11	AbsError: 5.88823e-12
Iteration: 6
  Device: "e6nd_L2_fwd"	RelError: 1.40267e-14	AbsError: 7.41055e+01
    Region: "Si"	RelError: 1.40267e-14	AbsError: 7.41055e+01
      Equation: "ElectronContinuityEquation"	RelError: 2.31684e-15	AbsError: 4.28572e+01
      Equation: "HoleContinuityEquation"	RelError: 2.48324e-15	AbsError: 3.12483e+01
      Equation: "PotentialEquation"	RelError: 9.22657e-15	AbsError: 3.50063e-17
number of equations 368283
Iteration: 0
  Device: "e6nd_L2_fwd"	RelError: 2.20833e+01	AbsError: 2.59280e+16
    Region: "Si"	RelError: 2.20833e+01	AbsError: 2.59280e+16
      Equation: "ElectronContinuityEquation"	RelError: 7.94291e-01	AbsError: 1.29645e+16
      Equation: "HoleContinuityEquation"	RelError: 7.94262e-01	AbsError: 1.29634e+16
      Equation: "PotentialEquation"	RelError: 2.04948e+01	AbsError: 4.09542e-02
Iteration: 1
  Device: "e6nd_L2_fwd"	RelError: 2.07745e+01	AbsError: 3.96340e+15
    Region: "Si"	RelError: 2.07745e+01	AbsError: 3.96340e+15
      Equation: "ElectronContinuityEquation"	RelError: 6.91114e-01	AbsError: 2.05914e+15
      Equation: "HoleContinuityEquation"	RelError: 7.86577e-01	AbsError: 1.90426e+15
      Equation: "PotentialEquation"	RelError: 1.92968e+01	AbsError: 3.07632e-02
Iteration: 2
  Device: "e6nd_L2_fwd"	RelError: 1.63239e+01	AbsError: 5.17492e+14
    Region: "Si"	RelError: 1.63239e+01	AbsError: 5.17492e+14
      Equation: "ElectronContinuityEquation"	RelError: 5.13803e-01	AbsError: 2.90476e+14
      Equation: "HoleContinuityEquation"	RelError: 4.98922e-01	AbsError: 2.27016e+14
      Equation: "PotentialEquation"	RelError: 1.53112e+01	AbsError: 2.58148e-02
Iteration: 3
  Device: "e6nd_L2_fwd"	RelError: 4.39907e-01	AbsError: 1.74993e+13
    Region: "Si"	RelError: 4.39907e-01	AbsError: 1.74993e+13
      Equation: "ElectronContinuityEquation"	RelError: 2.85799e-01	AbsError: 1.48683e+12
      Equation: "HoleContinuityEquation"	RelError: 7.59406e-02	AbsError: 1.60125e+13
      Equation: "PotentialEquation"	RelError: 7.81676e-02	AbsError: 9.16533e-03
Iteration: 4
  Device: "e6nd_L2_fwd"	RelError: 8.76155e-02	AbsError: 4.66804e+12
    Region: "Si"	RelError: 8.76155e-02	AbsError: 4.66804e+12
      Equation: "ElectronContinuityEquation"	RelError: 8.59311e-02	AbsError: 2.70105e+11
      Equation: "HoleContinuityEquation"	RelError: 1.23035e-04	AbsError: 4.39793e+12
      Equation: "PotentialEquation"	RelError: 1.56140e-03	AbsError: 1.57859e-06
Iteration: 5
  Device: "e6nd_L2_fwd"	RelError: 3.25855e-06	AbsError: 4.28555e+07
    Region: "Si"	RelError: 3.25855e-06	AbsError: 4.28555e+07
      Equation: "ElectronContinuityEquation"	RelError: 3.25367e-06	AbsError: 8.34595e+05
      Equation: "HoleContinuityEquation"	RelError: 4.65040e-09	AbsError: 4.20209e+07
      Equation: "PotentialEquation"	RelError: 2.35471e-10	AbsError: 4.73497e-12
Iteration: 6
  Device: "e6nd_L2_fwd"	RelError: 7.46302e-15	AbsError: 1.01851e+02
    Region: "Si"	RelError: 7.46302e-15	AbsError: 1.01851e+02
      Equation: "ElectronContinuityEquation"	RelError: 2.01648e-15	AbsError: 4.68538e+01
      Equation: "HoleContinuityEquation"	RelError: 1.55843e-15	AbsError: 5.49971e+01
      Equation: "PotentialEquation"	RelError: 3.88811e-15	AbsError: 3.54362e-17
number of equations 368283
Iteration: 0
  Device: "e6nd_L2_fwd"	RelError: 1.28071e+02	AbsError: 2.84893e+16
    Region: "Si"	RelError: 1.28071e+02	AbsError: 2.84893e+16
      Equation: "ElectronContinuityEquation"	RelError: 7.94288e-01	AbsError: 1.42449e+16
      Equation: "HoleContinuityEquation"	RelError: 7.94257e-01	AbsError: 1.42444e+16
      Equation: "PotentialEquation"	RelError: 1.26483e+02	AbsError: 4.09542e-02
Iteration: 1
  Device: "e6nd_L2_fwd"	RelError: 7.11377e+01	AbsError: 4.92532e+15
    Region: "Si"	RelError: 7.11377e+01	AbsError: 4.92532e+15
      Equation: "ElectronContinuityEquation"	RelError: 6.91056e-01	AbsError: 2.57788e+15
      Equation: "HoleContinuityEquation"	RelError: 7.86921e-01	AbsError: 2.34744e+15
      Equation: "PotentialEquation"	RelError: 6.96597e+01	AbsError: 3.07632e-02
Iteration: 2
  Device: "e6nd_L2_fwd"	RelError: 8.44805e+01	AbsError: 7.85680e+14
    Region: "Si"	RelError: 8.44805e+01	AbsError: 7.85680e+14
      Equation: "ElectronContinuityEquation"	RelError: 5.13679e-01	AbsError: 4.70377e+14
      Equation: "HoleContinuityEquation"	RelError: 5.01085e-01	AbsError: 3.15304e+14
      Equation: "PotentialEquation"	RelError: 8.34657e+01	AbsError: 2.58160e-02
Iteration: 3
  Device: "e6nd_L2_fwd"	RelError: 1.23424e+00	AbsError: 2.77559e+13
    Region: "Si"	RelError: 1.23424e+00	AbsError: 2.77559e+13
      Equation: "ElectronContinuityEquation"	RelError: 2.86090e-01	AbsError: 2.97921e+12
      Equation: "HoleContinuityEquation"	RelError: 7.50197e-02	AbsError: 2.47767e+13
      Equation: "PotentialEquation"	RelError: 8.73128e-01	AbsError: 9.16533e-03
Iteration: 4
  Device: "e6nd_L2_fwd"	RelError: 9.04664e-02	AbsError: 3.91041e+12
    Region: "Si"	RelError: 9.04664e-02	AbsError: 3.91041e+12
      Equation: "ElectronContinuityEquation"	RelError: 8.59436e-02	AbsError: 2.55982e+11
      Equation: "HoleContinuityEquation"	RelError: 1.15051e-04	AbsError: 3.65443e+12
      Equation: "PotentialEquation"	RelError: 4.40781e-03	AbsError: 1.32120e-06
Iteration: 5
  Device: "e6nd_L2_fwd"	RelError: 2.70620e-06	AbsError: 3.08266e+07
    Region: "Si"	RelError: 2.70620e-06	AbsError: 3.08266e+07
      Equation: "ElectronContinuityEquation"	RelError: 2.69664e-06	AbsError: 7.89212e+05
      Equation: "HoleContinuityEquation"	RelError: 3.38537e-09	AbsError: 3.00374e+07
      Equation: "PotentialEquation"	RelError: 6.17258e-09	AbsError: 3.53954e-12
Iteration: 6
  Device: "e6nd_L2_fwd"	RelError: 1.03557e-13	AbsError: 8.45561e+01
    Region: "Si"	RelError: 1.03557e-13	AbsError: 8.45561e+01
      Equation: "ElectronContinuityEquation"	RelError: 5.31528e-15	AbsError: 4.19539e+01
      Equation: "HoleContinuityEquation"	RelError: 2.17600e-15	AbsError: 4.26022e+01
      Equation: "PotentialEquation"	RelError: 9.60659e-14	AbsError: 4.49756e-17
number of equations 368283
Iteration: 0
  Device: "e6nd_L2_fwd"	RelError: 3.31642e+00	AbsError: 3.19953e+16
    Region: "Si"	RelError: 3.31642e+00	AbsError: 3.19953e+16
      Equation: "ElectronContinuityEquation"	RelError: 7.94278e-01	AbsError: 1.59973e+16
      Equation: "HoleContinuityEquation"	RelError: 7.94243e-01	AbsError: 1.59980e+16
      Equation: "PotentialEquation"	RelError: 1.72790e+00	AbsError: 4.09542e-02
Iteration: 1
  Device: "e6nd_L2_fwd"	RelError: 2.04309e+00	AbsError: 6.48236e+15
    Region: "Si"	RelError: 2.04309e+00	AbsError: 6.48236e+15
      Equation: "ElectronContinuityEquation"	RelError: 6.91116e-01	AbsError: 3.43282e+15
      Equation: "HoleContinuityEquation"	RelError: 7.87155e-01	AbsError: 3.04954e+15
      Equation: "PotentialEquation"	RelError: 5.64823e-01	AbsError: 3.07632e-02
Iteration: 2
  Device: "e6nd_L2_fwd"	RelError: 1.30640e+00	AbsError: 1.24020e+15
    Region: "Si"	RelError: 1.30640e+00	AbsError: 1.24020e+15
      Equation: "ElectronContinuityEquation"	RelError: 5.13332e-01	AbsError: 7.60675e+14
      Equation: "HoleContinuityEquation"	RelError: 5.04528e-01	AbsError: 4.79524e+14
      Equation: "PotentialEquation"	RelError: 2.88541e-01	AbsError: 2.58824e-02
Iteration: 3
  Device: "e6nd_L2_fwd"	RelError: 4.71725e-01	AbsError: 5.00136e+13
    Region: "Si"	RelError: 4.71725e-01	AbsError: 5.00136e+13
      Equation: "ElectronContinuityEquation"	RelError: 2.87280e-01	AbsError: 6.97452e+12
      Equation: "HoleContinuityEquation"	RelError: 7.36826e-02	AbsError: 4.30391e+13
      Equation: "PotentialEquation"	RelError: 1.10762e-01	AbsError: 9.16533e-03
Iteration: 4
  Device: "e6nd_L2_fwd"	RelError: 8.62393e-02	AbsError: 2.78518e+12
    Region: "Si"	RelError: 8.62393e-02	AbsError: 2.78518e+12
      Equation: "ElectronContinuityEquation"	RelError: 8.61198e-02	AbsError: 1.98727e+11
      Equation: "HoleContinuityEquation"	RelError: 1.10730e-04	AbsError: 2.58645e+12
      Equation: "PotentialEquation"	RelError: 8.75275e-06	AbsError: 9.01221e-07
Iteration: 5
  Device: "e6nd_L2_fwd"	RelError: 1.92089e-06	AbsError: 1.67118e+07
    Region: "Si"	RelError: 1.92089e-06	AbsError: 1.67118e+07
      Equation: "ElectronContinuityEquation"	RelError: 1.91895e-06	AbsError: 6.91250e+05
      Equation: "HoleContinuityEquation"	RelError: 1.90600e-09	AbsError: 1.60205e+07
      Equation: "PotentialEquation"	RelError: 2.99426e-11	AbsError: 2.64679e-12
Iteration: 6
  Device: "e6nd_L2_fwd"	RelError: 1.34712e-14	AbsError: 9.57587e+01
    Region: "Si"	RelError: 1.34712e-14	AbsError: 9.57587e+01
      Equation: "ElectronContinuityEquation"	RelError: 7.41613e-15	AbsError: 4.56224e+01
      Equation: "HoleContinuityEquation"	RelError: 5.30796e-15	AbsError: 5.01363e+01
      Equation: "PotentialEquation"	RelError: 7.47128e-16	AbsError: 9.98725e-17
number of equations 368283
Iteration: 0
  Device: "e6nd_L2_fwd"	RelError: 1.91953e+00	AbsError: 3.72278e+16
    Region: "Si"	RelError: 1.91953e+00	AbsError: 3.72278e+16
      Equation: "ElectronContinuityEquation"	RelError: 7.94252e-01	AbsError: 1.86134e+16
      Equation: "HoleContinuityEquation"	RelError: 7.94209e-01	AbsError: 1.86144e+16
      Equation: "PotentialEquation"	RelError: 3.31072e-01	AbsError: 4.09542e-02
Iteration: 1
  Device: "e6nd_L2_fwd"	RelError: 1.67753e+00	AbsError: 9.39478e+15
    Region: "Si"	RelError: 1.67753e+00	AbsError: 9.39478e+15
      Equation: "ElectronContinuityEquation"	RelError: 6.91267e-01	AbsError: 5.06942e+15
      Equation: "HoleContinuityEquation"	RelError: 7.87103e-01	AbsError: 4.32536e+15
      Equation: "PotentialEquation"	RelError: 1.99160e-01	AbsError: 3.07632e-02
Iteration: 2
  Device: "e6nd_L2_fwd"	RelError: 1.15889e+00	AbsError: 2.02073e+15
    Region: "Si"	RelError: 1.15889e+00	AbsError: 2.02073e+15
      Equation: "ElectronContinuityEquation"	RelError: 5.12854e-01	AbsError: 1.17390e+15
      Equation: "HoleContinuityEquation"	RelError: 5.08325e-01	AbsError: 8.46830e+14
      Equation: "PotentialEquation"	RelError: 1.37707e-01	AbsError: 2.58906e-02
Iteration: 3
  Device: "e6nd_L2_fwd"	RelError: 4.08612e-01	AbsError: 1.99998e+14
    Region: "Si"	RelError: 4.08612e-01	AbsError: 1.99998e+14
      Equation: "ElectronContinuityEquation"	RelError: 2.86192e-01	AbsError: 3.47945e+13
      Equation: "HoleContinuityEquation"	RelError: 7.22669e-02	AbsError: 1.65203e+14
      Equation: "PotentialEquation"	RelError: 5.01529e-02	AbsError: 9.16533e-03
Iteration: 4
  Device: "e6nd_L2_fwd"	RelError: 8.54667e-02	AbsError: 2.39751e+12
    Region: "Si"	RelError: 8.54667e-02	AbsError: 2.39751e+12
      Equation: "ElectronContinuityEquation"	RelError: 8.53810e-02	AbsError: 1.05787e+12
      Equation: "HoleContinuityEquation"	RelError: 6.99228e-05	AbsError: 1.33963e+12
      Equation: "PotentialEquation"	RelError: 1.58013e-05	AbsError: 2.88669e-06
Iteration: 5
  Device: "e6nd_L2_fwd"	RelError: 3.12755e-06	AbsError: 4.48984e+07
    Region: "Si"	RelError: 3.12755e-06	AbsError: 4.48984e+07
      Equation: "ElectronContinuityEquation"	RelError: 3.11770e-06	AbsError: 2.42106e+07
      Equation: "HoleContinuityEquation"	RelError: 9.52138e-09	AbsError: 2.06878e+07
      Equation: "PotentialEquation"	RelError: 3.27323e-10	AbsError: 5.97965e-11
Iteration: 6
  Device: "e6nd_L2_fwd"	RelError: 7.94682e-15	AbsError: 8.03971e+01
    Region: "Si"	RelError: 7.94682e-15	AbsError: 8.03971e+01
      Equation: "ElectronContinuityEquation"	RelError: 4.34047e-15	AbsError: 3.93714e+01
      Equation: "HoleContinuityEquation"	RelError: 3.14067e-15	AbsError: 4.10258e+01
      Equation: "PotentialEquation"	RelError: 4.65676e-16	AbsError: 1.07785e-16
Physical group name Si has 0 Tetrahedra.
Physical group name Si has 242304 Triangles.
Physical group name Si has 365064 Lines.
Physical group name Si has 122761 Points.
Physical group name Si_xmax has 0 Tetrahedra.
Physical group name Si_xmax has 0 Triangles.
Physical group name Si_xmax has 64 Lines.
Physical group name Si_xmax has 65 Points.
Physical group name Si_xmin has 0 Tetrahedra.
Physical group name Si_xmin has 0 Triangles.
Physical group name Si_xmin has 64 Lines.
Physical group name Si_xmin has 65 Points.
Device e6nd_L2_rev has 122761 coordinates with max index 122760
Region Si has 122761 nodes.
Contact Si_xmax in region Si with 65 nodes
Contact Si_xmin in region Si with 65 nodes
Creating Node Solution Potential
number of equations 122761
Iteration: 0
  Device: "e6nd_L2_rev"	RelError: 1.00000e+00	AbsError: 3.26531e-01
    Region: "Si"	RelError: 1.00000e+00	AbsError: 3.26531e-01
      Equation: "PotentialEquation"	RelError: 1.00000e+00	AbsError: 3.26531e-01
Iteration: 1
  Device: "e6nd_L2_rev"	RelError: 5.92084e+01	AbsError: 1.46929e-01
    Region: "Si"	RelError: 5.92084e+01	AbsError: 1.46929e-01
      Equation: "PotentialEquation"	RelError: 5.92084e+01	AbsError: 1.46929e-01
Iteration: 2
  Device: "e6nd_L2_rev"	RelError: 1.43303e+00	AbsError: 6.98242e-02
    Region: "Si"	RelError: 1.43303e+00	AbsError: 6.98242e-02
      Equation: "PotentialEquation"	RelError: 1.43303e+00	AbsError: 6.98242e-02
Iteration: 3
  Device: "e6nd_L2_rev"	RelError: 4.21361e+00	AbsError: 5.73651e-02
    Region: "Si"	RelError: 4.21361e+00	AbsError: 5.73651e-02
      Equation: "PotentialEquation"	RelError: 4.21361e+00	AbsError: 5.73651e-02
Iteration: 4
  Device: "e6nd_L2_rev"	RelError: 1.04339e+00	AbsError: 5.01960e-02
    Region: "Si"	RelError: 1.04339e+00	AbsError: 5.01960e-02
      Equation: "PotentialEquation"	RelError: 1.04339e+00	AbsError: 5.01960e-02
Iteration: 5
  Device: "e6nd_L2_rev"	RelError: 4.49535e-01	AbsError: 4.17220e-02
    Region: "Si"	RelError: 4.49535e-01	AbsError: 4.17220e-02
      Equation: "PotentialEquation"	RelError: 4.49535e-01	AbsError: 4.17220e-02
Iteration: 6
  Device: "e6nd_L2_rev"	RelError: 8.18607e-02	AbsError: 3.16681e-02
    Region: "Si"	RelError: 8.18607e-02	AbsError: 3.16681e-02
      Equation: "PotentialEquation"	RelError: 8.18607e-02	AbsError: 3.16681e-02
Iteration: 7
  Device: "e6nd_L2_rev"	RelError: 4.94127e-02	AbsError: 2.01091e-02
    Region: "Si"	RelError: 4.94127e-02	AbsError: 2.01091e-02
      Equation: "PotentialEquation"	RelError: 4.94127e-02	AbsError: 2.01091e-02
Iteration: 8
  Device: "e6nd_L2_rev"	RelError: 2.46584e-02	AbsError: 1.02888e-02
    Region: "Si"	RelError: 2.46584e-02	AbsError: 1.02888e-02
      Equation: "PotentialEquation"	RelError: 2.46584e-02	AbsError: 1.02888e-02
Iteration: 9
  Device: "e6nd_L2_rev"	RelError: 8.48173e-14	AbsError: 5.73868e-17
    Region: "Si"	RelError: 8.48173e-14	AbsError: 5.73868e-17
      Equation: "PotentialEquation"	RelError: 8.48173e-14	AbsError: 5.73868e-17
Warning: Replacing equation with equation of the same name.
Region: Si, Equation: PotentialEquation, Variable: Potential
number of equations 368283
Iteration: 0
  Device: "e6nd_L2_rev"	RelError: 9.61723e-14	AbsError: 1.00800e+03
    Region: "Si"	RelError: 9.61723e-14	AbsError: 1.00800e+03
      Equation: "ElectronContinuityEquation"	RelError: 8.71861e-15	AbsError: 4.96000e+02
      Equation: "HoleContinuityEquation"	RelError: 7.89781e-15	AbsError: 5.12000e+02
      Equation: "PotentialEquation"	RelError: 7.95558e-14	AbsError: 1.29762e-16
number of equations 368283
Iteration: 0
  Device: "e6nd_L2_rev"	RelError: 2.10218e+03	AbsError: 5.59313e+16
    Region: "Si"	RelError: 2.10218e+03	AbsError: 5.59313e+16
      Equation: "ElectronContinuityEquation"	RelError: 9.99000e+02	AbsError: 2.79665e+16
      Equation: "HoleContinuityEquation"	RelError: 9.99000e+02	AbsError: 2.79648e+16
      Equation: "PotentialEquation"	RelError: 1.04176e+02	AbsError: 6.12741e-02
Iteration: 1
  Device: "e6nd_L2_rev"	RelError: 2.01917e+03	AbsError: 1.80732e+16
    Region: "Si"	RelError: 2.01917e+03	AbsError: 1.80732e+16
      Equation: "ElectronContinuityEquation"	RelError: 9.99000e+02	AbsError: 9.55330e+15
      Equation: "HoleContinuityEquation"	RelError: 9.99000e+02	AbsError: 8.51991e+15
      Equation: "PotentialEquation"	RelError: 2.11664e+01	AbsError: 5.47695e-02
Iteration: 2
  Device: "e6nd_L2_rev"	RelError: 2.01351e+03	AbsError: 4.39308e+15
    Region: "Si"	RelError: 2.01351e+03	AbsError: 4.39308e+15
      Equation: "ElectronContinuityEquation"	RelError: 9.99000e+02	AbsError: 2.45202e+15
      Equation: "HoleContinuityEquation"	RelError: 9.99000e+02	AbsError: 1.94106e+15
      Equation: "PotentialEquation"	RelError: 1.55090e+01	AbsError: 4.71388e-02
Iteration: 3
  Device: "e6nd_L2_rev"	RelError: 2.00429e+03	AbsError: 6.29580e+14
    Region: "Si"	RelError: 2.00429e+03	AbsError: 6.29580e+14
      Equation: "ElectronContinuityEquation"	RelError: 9.99000e+02	AbsError: 2.39045e+14
      Equation: "HoleContinuityEquation"	RelError: 9.99000e+02	AbsError: 3.90536e+14
      Equation: "PotentialEquation"	RelError: 6.29223e+00	AbsError: 3.80896e-02
Iteration: 4
  Device: "e6nd_L2_rev"	RelError: 1.00014e+03	AbsError: 6.84059e+13
    Region: "Si"	RelError: 1.00014e+03	AbsError: 6.84059e+13
      Equation: "ElectronContinuityEquation"	RelError: 1.08900e+00	AbsError: 1.79212e+12
      Equation: "HoleContinuityEquation"	RelError: 9.99000e+02	AbsError: 6.66137e+13
      Equation: "PotentialEquation"	RelError: 4.73607e-02	AbsError: 2.74092e-02
Iteration: 5
  Device: "e6nd_L2_rev"	RelError: 4.57099e+00	AbsError: 8.32516e+12
    Region: "Si"	RelError: 4.57099e+00	AbsError: 8.32516e+12
      Equation: "ElectronContinuityEquation"	RelError: 3.53904e+00	AbsError: 8.16337e+10
      Equation: "HoleContinuityEquation"	RelError: 1.00000e+00	AbsError: 8.24352e+12
      Equation: "PotentialEquation"	RelError: 3.19499e-02	AbsError: 2.13187e-02
Iteration: 6
  Device: "e6nd_L2_rev"	RelError: 4.94574e-01	AbsError: 1.86616e+12
    Region: "Si"	RelError: 4.94574e-01	AbsError: 1.86616e+12
      Equation: "ElectronContinuityEquation"	RelError: 4.92498e-01	AbsError: 7.20718e+10
      Equation: "HoleContinuityEquation"	RelError: 1.90262e-03	AbsError: 1.79409e+12
      Equation: "PotentialEquation"	RelError: 1.73714e-04	AbsError: 5.46988e-07
Iteration: 7
  Device: "e6nd_L2_rev"	RelError: 1.47006e-06	AbsError: 1.32174e+06
    Region: "Si"	RelError: 1.47006e-06	AbsError: 1.32174e+06
      Equation: "ElectronContinuityEquation"	RelError: 1.45146e-06	AbsError: 5.68569e+04
      Equation: "HoleContinuityEquation"	RelError: 1.85889e-08	AbsError: 1.26489e+06
      Equation: "PotentialEquation"	RelError: 5.01512e-12	AbsError: 3.33181e-13
Iteration: 8
  Device: "e6nd_L2_rev"	RelError: 1.05326e-14	AbsError: 8.76746e+01
    Region: "Si"	RelError: 1.05326e-14	AbsError: 8.76746e+01
      Equation: "ElectronContinuityEquation"	RelError: 1.89595e-15	AbsError: 4.71745e+01
      Equation: "HoleContinuityEquation"	RelError: 2.25768e-15	AbsError: 4.05001e+01
      Equation: "PotentialEquation"	RelError: 6.37895e-15	AbsError: 7.06601e-17
number of equations 368283
Iteration: 0
  Device: "e6nd_L2_rev"	RelError: 2.01596e+03	AbsError: 4.86943e+16
    Region: "Si"	RelError: 2.01596e+03	AbsError: 4.86943e+16
      Equation: "ElectronContinuityEquation"	RelError: 9.99000e+02	AbsError: 2.43471e+16
      Equation: "HoleContinuityEquation"	RelError: 9.99000e+02	AbsError: 2.43472e+16
      Equation: "PotentialEquation"	RelError: 1.79626e+01	AbsError: 6.12741e-02
Iteration: 1
  Device: "e6nd_L2_rev"	RelError: 6.10802e+03	AbsError: 1.41899e+16
    Region: "Si"	RelError: 6.10802e+03	AbsError: 1.41899e+16
      Equation: "ElectronContinuityEquation"	RelError: 5.01352e+03	AbsError: 7.29428e+15
      Equation: "HoleContinuityEquation"	RelError: 9.99000e+02	AbsError: 6.89567e+15
      Equation: "PotentialEquation"	RelError: 9.54928e+01	AbsError: 5.47695e-02
Iteration: 2
  Device: "e6nd_L2_rev"	RelError: 2.00824e+03	AbsError: 3.47571e+15
    Region: "Si"	RelError: 2.00824e+03	AbsError: 3.47571e+15
      Equation: "ElectronContinuityEquation"	RelError: 9.99000e+02	AbsError: 1.99150e+15
      Equation: "HoleContinuityEquation"	RelError: 9.99000e+02	AbsError: 1.48421e+15
      Equation: "PotentialEquation"	RelError: 1.02436e+01	AbsError: 4.71388e-02
Iteration: 3
  Device: "e6nd_L2_rev"	RelError: 2.00272e+03	AbsError: 3.63080e+14
    Region: "Si"	RelError: 2.00272e+03	AbsError: 3.63080e+14
      Equation: "ElectronContinuityEquation"	RelError: 9.99000e+02	AbsError: 1.00255e+14
      Equation: "HoleContinuityEquation"	RelError: 9.99000e+02	AbsError: 2.62825e+14
      Equation: "PotentialEquation"	RelError: 4.71544e+00	AbsError: 3.80896e-02
Iteration: 4
  Device: "e6nd_L2_rev"	RelError: 1.00003e+03	AbsError: 4.22736e+13
    Region: "Si"	RelError: 1.00003e+03	AbsError: 4.22736e+13
      Equation: "ElectronContinuityEquation"	RelError: 1.00000e+00	AbsError: 1.01002e+12
      Equation: "HoleContinuityEquation"	RelError: 9.99000e+02	AbsError: 4.12636e+13
      Equation: "PotentialEquation"	RelError: 3.30624e-02	AbsError: 2.74092e-02
Iteration: 5
  Device: "e6nd_L2_rev"	RelError: 1.36165e+00	AbsError: 4.67163e+12
    Region: "Si"	RelError: 1.36165e+00	AbsError: 4.67163e+12
      Equation: "ElectronContinuityEquation"	RelError: 3.38411e-01	AbsError: 1.62118e+10
      Equation: "HoleContinuityEquation"	RelError: 1.00000e+00	AbsError: 4.65542e+12
      Equation: "PotentialEquation"	RelError: 2.32419e-02	AbsError: 2.13187e-02
Iteration: 6
  Device: "e6nd_L2_rev"	RelError: 1.22157e-01	AbsError: 3.06531e+11
    Region: "Si"	RelError: 1.22157e-01	AbsError: 3.06531e+11
      Equation: "ElectronContinuityEquation"	RelError: 1.21916e-01	AbsError: 1.75410e+10
      Equation: "HoleContinuityEquation"	RelError: 1.95350e-04	AbsError: 2.88990e+11
      Equation: "PotentialEquation"	RelError: 4.56615e-05	AbsError: 1.58515e-07
Iteration: 7
  Device: "e6nd_L2_rev"	RelError: 5.34215e-08	AbsError: 1.40884e+05
    Region: "Si"	RelError: 5.34215e-08	AbsError: 1.40884e+05
      Equation: "ElectronContinuityEquation"	RelError: 5.31908e-08	AbsError: 3.32712e+03
      Equation: "HoleContinuityEquation"	RelError: 2.30119e-10	AbsError: 1.37557e+05
      Equation: "PotentialEquation"	RelError: 5.62706e-13	AbsError: 3.13998e-14
number of equations 368283
Iteration: 0
  Device: "e6nd_L2_rev"	RelError: 2.01419e+03	AbsError: 4.36829e+16
    Region: "Si"	RelError: 2.01419e+03	AbsError: 4.36829e+16
      Equation: "ElectronContinuityEquation"	RelError: 9.99000e+02	AbsError: 2.18428e+16
      Equation: "HoleContinuityEquation"	RelError: 9.99000e+02	AbsError: 2.18401e+16
      Equation: "PotentialEquation"	RelError: 1.61920e+01	AbsError: 6.12741e-02
Iteration: 1
  Device: "e6nd_L2_rev"	RelError: 2.01389e+03	AbsError: 1.17978e+16
    Region: "Si"	RelError: 2.01389e+03	AbsError: 1.17978e+16
      Equation: "ElectronContinuityEquation"	RelError: 9.99000e+02	AbsError: 6.15636e+15
      Equation: "HoleContinuityEquation"	RelError: 9.99000e+02	AbsError: 5.64141e+15
      Equation: "PotentialEquation"	RelError: 1.58944e+01	AbsError: 5.47695e-02
Iteration: 2
  Device: "e6nd_L2_rev"	RelError: 2.05725e+03	AbsError: 2.74596e+15
    Region: "Si"	RelError: 2.05725e+03	AbsError: 2.74596e+15
      Equation: "ElectronContinuityEquation"	RelError: 9.99000e+02	AbsError: 1.57833e+15
      Equation: "HoleContinuityEquation"	RelError: 9.99000e+02	AbsError: 1.16763e+15
      Equation: "PotentialEquation"	RelError: 5.92499e+01	AbsError: 4.71388e-02
Iteration: 3
  Device: "e6nd_L2_rev"	RelError: 1.99811e+03	AbsError: 2.27130e+14
    Region: "Si"	RelError: 1.99811e+03	AbsError: 2.27130e+14
      Equation: "ElectronContinuityEquation"	RelError: 9.99000e+02	AbsError: 3.97569e+13
      Equation: "HoleContinuityEquation"	RelError: 9.99000e+02	AbsError: 1.87373e+14
      Equation: "PotentialEquation"	RelError: 1.14362e-01	AbsError: 3.80896e-02
Iteration: 4
  Device: "e6nd_L2_rev"	RelError: 1.00003e+03	AbsError: 2.79436e+13
    Region: "Si"	RelError: 1.00003e+03	AbsError: 2.79436e+13
      Equation: "ElectronContinuityEquation"	RelError: 1.00000e+00	AbsError: 6.05597e+11
      Equation: "HoleContinuityEquation"	RelError: 9.99000e+02	AbsError: 2.73380e+13
      Equation: "PotentialEquation"	RelError: 2.55496e-02	AbsError: 2.74092e-02
Iteration: 5
  Device: "e6nd_L2_rev"	RelError: 1.33316e+00	AbsError: 2.84114e+12
    Region: "Si"	RelError: 1.33316e+00	AbsError: 2.84114e+12
      Equation: "ElectronContinuityEquation"	RelError: 3.14893e-01	AbsError: 7.91589e+08
      Equation: "HoleContinuityEquation"	RelError: 1.00000e+00	AbsError: 2.84035e+12
      Equation: "PotentialEquation"	RelError: 1.82640e-02	AbsError: 2.13187e-02
Iteration: 6
  Device: "e6nd_L2_rev"	RelError: 8.51662e-02	AbsError: 2.08499e+11
    Region: "Si"	RelError: 8.51662e-02	AbsError: 2.08499e+11
      Equation: "ElectronContinuityEquation"	RelError: 8.39972e-02	AbsError: 6.34437e+09
      Equation: "HoleContinuityEquation"	RelError: 1.08569e-03	AbsError: 2.02154e+11
      Equation: "PotentialEquation"	RelError: 8.33088e-05	AbsError: 8.02275e-08
Iteration: 7
  Device: "e6nd_L2_rev"	RelError: 9.65663e-07	AbsError: 2.91400e+04
    Region: "Si"	RelError: 9.65663e-07	AbsError: 2.91400e+04
      Equation: "ElectronContinuityEquation"	RelError: 9.64760e-07	AbsError: 4.21802e+02
      Equation: "HoleContinuityEquation"	RelError: 9.01882e-10	AbsError: 2.87182e+04
      Equation: "PotentialEquation"	RelError: 7.58066e-13	AbsError: 7.60511e-15
number of equations 368283
Iteration: 0
  Device: "e6nd_L2_rev"	RelError: 2.01941e+03	AbsError: 3.99659e+16
    Region: "Si"	RelError: 2.01941e+03	AbsError: 3.99659e+16
      Equation: "ElectronContinuityEquation"	RelError: 9.99000e+02	AbsError: 1.99836e+16
      Equation: "HoleContinuityEquation"	RelError: 9.99000e+02	AbsError: 1.99823e+16
      Equation: "PotentialEquation"	RelError: 2.14064e+01	AbsError: 6.12741e-02
Iteration: 1
  Device: "e6nd_L2_rev"	RelError: 2.01456e+03	AbsError: 9.55727e+15
    Region: "Si"	RelError: 2.01456e+03	AbsError: 9.55727e+15
      Equation: "ElectronContinuityEquation"	RelError: 9.99000e+02	AbsError: 4.90807e+15
      Equation: "HoleContinuityEquation"	RelError: 9.99000e+02	AbsError: 4.64920e+15
      Equation: "PotentialEquation"	RelError: 1.65637e+01	AbsError: 5.47695e-02
Iteration: 2
  Device: "e6nd_L2_rev"	RelError: 2.01812e+03	AbsError: 2.21016e+15
    Region: "Si"	RelError: 2.01812e+03	AbsError: 2.21016e+15
      Equation: "ElectronContinuityEquation"	RelError: 9.99000e+02	AbsError: 1.27202e+15
      Equation: "HoleContinuityEquation"	RelError: 9.99000e+02	AbsError: 9.38139e+14
      Equation: "PotentialEquation"	RelError: 2.01223e+01	AbsError: 4.71388e-02
Iteration: 3
  Device: "e6nd_L2_rev"	RelError: 1.99806e+03	AbsError: 1.54593e+14
    Region: "Si"	RelError: 1.99806e+03	AbsError: 1.54593e+14
      Equation: "ElectronContinuityEquation"	RelError: 9.99000e+02	AbsError: 1.54836e+13
      Equation: "HoleContinuityEquation"	RelError: 9.99000e+02	AbsError: 1.39109e+14
      Equation: "PotentialEquation"	RelError: 5.68417e-02	AbsError: 3.80896e-02
Iteration: 4
  Device: "e6nd_L2_rev"	RelError: 1.00002e+03	AbsError: 1.94564e+13
    Region: "Si"	RelError: 1.00002e+03	AbsError: 1.94564e+13
      Equation: "ElectronContinuityEquation"	RelError: 1.00000e+00	AbsError: 3.79552e+11
      Equation: "HoleContinuityEquation"	RelError: 9.99000e+02	AbsError: 1.90768e+13
      Equation: "PotentialEquation"	RelError: 2.08042e-02	AbsError: 2.74092e-02
Iteration: 5
  Device: "e6nd_L2_rev"	RelError: 1.32180e+00	AbsError: 1.83277e+12
    Region: "Si"	RelError: 1.32180e+00	AbsError: 1.83277e+12
      Equation: "ElectronContinuityEquation"	RelError: 3.08399e-01	AbsError: 4.60206e+09
      Equation: "HoleContinuityEquation"	RelError: 9.98356e-01	AbsError: 1.82817e+12
      Equation: "PotentialEquation"	RelError: 1.50423e-02	AbsError: 2.13187e-02
Iteration: 6
  Device: "e6nd_L2_rev"	RelError: 7.70327e-02	AbsError: 1.93361e+11
    Region: "Si"	RelError: 7.70327e-02	AbsError: 1.93361e+11
      Equation: "ElectronContinuityEquation"	RelError: 7.48505e-02	AbsError: 4.65171e+09
      Equation: "HoleContinuityEquation"	RelError: 2.16049e-03	AbsError: 1.88709e+11
      Equation: "PotentialEquation"	RelError: 2.17090e-05	AbsError: 7.06848e-08
Iteration: 7
  Device: "e6nd_L2_rev"	RelError: 3.73308e-06	AbsError: 1.63766e+04
    Region: "Si"	RelError: 3.73308e-06	AbsError: 1.63766e+04
      Equation: "ElectronContinuityEquation"	RelError: 3.73177e-06	AbsError: 2.31818e+02
      Equation: "HoleContinuityEquation"	RelError: 1.30697e-09	AbsError: 1.61448e+04
      Equation: "PotentialEquation"	RelError: 1.29929e-13	AbsError: 5.63533e-15
Iteration: 8
  Device: "e6nd_L2_rev"	RelError: 1.78651e-14	AbsError: 4.84362e+01
    Region: "Si"	RelError: 1.78651e-14	AbsError: 4.84362e+01
      Equation: "ElectronContinuityEquation"	RelError: 2.19031e-15	AbsError: 2.05834e+01
      Equation: "HoleContinuityEquation"	RelError: 3.43122e-15	AbsError: 2.78528e+01
      Equation: "PotentialEquation"	RelError: 1.22436e-14	AbsError: 1.32825e-16
