{"file": "tests/unit/test_advance_wafer_state_result_contract_mock.py", "status": "COMPLETED", "rc": 0, "completed_files": 1}
{"file": "tests/unit/test_anneal_profile_mock.py", "status": "COMPLETED", "rc": 0, "completed_files": 2}
{"file": "tests/unit/test_barrier_sections_mock.py", "status": "COMPLETED", "rc": 0, "completed_files": 3}
{"file": "tests/unit/test_cad_negative_validation_mock.py", "status": "COMPLETED", "rc": 0, "completed_files": 4}
{"file": "tests/unit/test_cli_doping_initial_state_branch_mock.py", "status": "COMPLETED", "rc": 0, "completed_files": 5}
{"file": "tests/unit/test_current_unit_contract_mock.py", "status": "COMPLETED", "rc": 0, "completed_files": 6}
{"file": "tests/unit/test_dc_operating_point_mock.py", "status": "COMPLETED", "rc": 0, "completed_files": 7}
{"file": "tests/unit/test_diffusion_model_mock.py", "status": "COMPLETED", "rc": 0, "completed_files": 8}
{"file": "tests/unit/test_dopant_activation_compensation_mock.py", "status": "COMPLETED", "rc": 0, "completed_files": 9}
{"file": "tests/unit/test_dopant_models_mock.py", "status": "COMPLETED", "rc": 0, "completed_files": 10}
{"file": "tests/unit/test_dopant_profile_mock.py", "status": "COMPLETED", "rc": 0, "completed_files": 11}
{"file": "tests/unit/test_dopant_rev2_contract_mock.py", "status": "COMPLETED", "rc": 0, "completed_files": 12}
{"file": "tests/unit/test_doping_staleness_mock.py", "status": "COMPLETED", "rc": 0, "completed_files": 13}
{"file": "tests/unit/test_doping_unsupported_hover_note_mock.py", "status": "COMPLETED", "rc": 0, "completed_files": 14}
{"file": "tests/unit/test_e6l_correction_mock.py", "status": "COMPLETED", "rc": 0, "completed_files": 15}
{"file": "tests/unit/test_e6m_completion_exit_mock.py", "status": "COMPLETED", "rc": 0, "completed_files": 16}
{"file": "tests/unit/test_e6m_execution_contract_mock.py", "status": "COMPLETED", "rc": 0, "completed_files": 17}
{"file": "tests/unit/test_e6m_judge_mock.py", "status": "COMPLETED", "rc": 0, "completed_files": 18}
{"file": "tests/unit/test_electrode_source_context_mock.py", "status": "COMPLETED", "rc": 0, "completed_files": 19}
{"file": "tests/unit/test_etch_material_summary_mock.py", "status": "COMPLETED", "rc": 0, "completed_files": 20}
{"file": "tests/unit/test_field_readout_invalidation_mock.py", "status": "COMPLETED", "rc": 0, "completed_files": 21}
{"file": "tests/unit/test_gaussian_implant_no_existing_param_mock.py", "status": "COMPLETED", "rc": 0, "completed_files": 22}
{"file": "tests/unit/test_gui_canvas_source_contract_mock.py", "status": "COMPLETED", "rc": 0, "completed_files": 23}
{"file": "tests/unit/test_gui_depth_doping_mock.py", "status": "COMPLETED", "rc": 0, "completed_files": 24}
{"file": "tests/unit/test_gui_doping_application_truthfulness_mock.py", "status": "COMPLETED", "rc": 0, "completed_files": 25}
{"file": "tests/unit/test_gui_error_dialog_visibility_gate_mock.py", "status": "COMPLETED", "rc": 0, "completed_files": 26}
{"file": "tests/unit/test_gui_gate_stack_state_mock.py", "status": "COMPLETED", "rc": 0, "completed_files": 27}
{"file": "tests/unit/test_gui_litho_lifecycle_mock.py", "status": "COMPLETED", "rc": 0, "completed_files": 28}
{"file": "tests/unit/test_gui_no_forced_order_mock.py", "status": "COMPLETED", "rc": 0, "completed_files": 29}
{"file": "tests/unit/test_implant_windows_from_mask_mock.py", "status": "COMPLETED", "rc": 0, "completed_files": 30}
{"file": "tests/unit/test_intrinsic_measurement_contract_mock.py", "status": "COMPLETED", "rc": 0, "completed_files": 31}
{"file": "tests/unit/test_intrinsic_refusal_status_mock.py", "status": "COMPLETED", "rc": 0, "completed_files": 32}
{"file": "tests/unit/test_mask_spans_from_openings_mock.py", "status": "COMPLETED", "rc": 0, "completed_files": 33}
{"file": "tests/unit/test_measurement_canonical_state_gate_mock.py", "status": "COMPLETED", "rc": 0, "completed_files": 34}
{"file": "tests/unit/test_measurement_entry_point_gate_mock.py", "status": "COMPLETED", "rc": 0, "completed_files": 35}
{"file": "tests/unit/test_measurement_export_evidence_mock.py", "status": "COMPLETED", "rc": 0, "completed_files": 36}
{"file": "tests/unit/test_measurement_missing_profile_status_mock.py", "status": "COMPLETED", "rc": 0, "completed_files": 37}
{"file": "tests/unit/test_measurement_requested_bias_mock.py", "status": "COMPLETED", "rc": 0, "completed_files": 38}
{"file": "tests/unit/test_measurement_validity_mock.py", "status": "COMPLETED", "rc": 0, "completed_files": 39}
{"file": "tests/unit/test_mesh_area_conservation_mock.py", "status": "COMPLETED", "rc": 0, "completed_files": 40}
{"file": "tests/unit/test_mesh_conformity_check_mock.py", "status": "COMPLETED", "rc": 0, "completed_files": 41}
{"file": "tests/unit/test_mesh_implant_refine_fallback_mock.py", "status": "COMPLETED", "rc": 0, "completed_files": 42}
{"file": "tests/unit/test_mesh_refine_mock.py", "status": "COMPLETED", "rc": 0, "completed_files": 43}
{"file": "tests/unit/test_mesh_structured_remesh_mock.py", "status": "COMPLETED", "rc": 0, "completed_files": 44}
{"file": "tests/unit/test_node_field_caption_mock.py", "status": "COMPLETED", "rc": 0, "completed_files": 45}
{"file": "tests/unit/test_node_field_contacts_mock.py", "status": "COMPLETED", "rc": 0, "completed_files": 46}
{"file": "tests/unit/test_node_field_export_mock.py", "status": "COMPLETED", "rc": 0, "completed_files": 47}
{"file": "tests/unit/test_node_field_hover_mock.py", "status": "COMPLETED", "rc": 0, "completed_files": 48}
{"file": "tests/unit/test_node_fields_mock.py", "status": "COMPLETED", "rc": 0, "completed_files": 49}
{"file": "tests/unit/test_pb_equilibrium_mock.py", "status": "COMPLETED", "rc": 0, "completed_files": 50}
{"file": "tests/unit/test_phase1_bosch_mock.py", "status": "COMPLETED", "rc": 0, "completed_files": 51}
{"file": "tests/unit/test_physics_tables_mock.py", "status": "COMPLETED", "rc": 0, "completed_files": 52}
{"file": "tests/unit/test_physics_values_mock.py", "status": "COMPLETED", "rc": 0, "completed_files": 53}
{"file": "tests/unit/test_pin_model_mock.py", "status": "COMPLETED", "rc": 0, "completed_files": 54}
{"file": "tests/unit/test_pn_judge_integrity_mock.py", "status": "COMPLETED", "rc": 0, "completed_files": 55}
{"file": "tests/unit/test_pn_judge_mock.py", "status": "COMPLETED", "rc": 0, "completed_files": 56}
{"file": "tests/unit/test_pn_reference_mock.py", "status": "COMPLETED", "rc": 0, "completed_files": 57}
{"file": "tests/unit/test_pn_reference_view_mock.py", "status": "COMPLETED", "rc": 0, "completed_files": 58}
{"file": "tests/unit/test_remote_engine_evidence_scope_mock.py", "status": "COMPLETED", "rc": 0, "completed_files": 59}
{"file": "tests/unit/test_resistor_dd_judge_mock.py", "status": "COMPLETED", "rc": 0, "completed_files": 60}
{"file": "tests/unit/test_resolver_mock.py", "status": "COMPLETED", "rc": 0, "completed_files": 61}
{"file": "tests/unit/test_step_junction_2d_gate_mock.py", "status": "COMPLETED", "rc": 0, "completed_files": 62}
{"file": "tests/unit/test_step_junction_2d_gate_precedence_mock.py", "status": "COMPLETED", "rc": 0, "completed_files": 63}
{"file": "tests/unit/test_thermal_anneal_mock.py", "status": "COMPLETED", "rc": 0, "completed_files": 64}
{"file": "tests/unit/test_wafer_state_doping_mock.py", "status": "COMPLETED", "rc": 0, "completed_files": 65}
{"file": "tests/unit/test_wafer_state_v2_anneal_fail_closed_mock.py", "status": "COMPLETED", "rc": 0, "completed_files": 66}
{"file": "tests/unit/test_wafer_state_v2_apply_doping_barrier_mock.py", "status": "COMPLETED", "rc": 0, "completed_files": 67}
{"file": "tests/unit/test_wafer_state_v2_barrier_physics_mock.py", "status": "COMPLETED", "rc": 0, "completed_files": 68}
{"file": "tests/unit/test_wafer_state_v2_devsim_mapping_gate_mock.py", "status": "COMPLETED", "rc": 0, "completed_files": 69}
{"file": "tests/unit/test_wafer_state_v2_etch_conservation_mock.py", "status": "COMPLETED", "rc": 0, "completed_files": 70}
{"file": "tests/unit/test_wafer_state_v2_exact_inventory_mock.py", "status": "COMPLETED", "rc": 0, "completed_files": 71}
{"file": "tests/unit/test_wafer_state_v2_explicit_doping_target_mock.py", "status": "COMPLETED", "rc": 0, "completed_files": 72}
{"file": "tests/unit/test_wafer_state_v2_fail_closed_no_resurrection_mock.py", "status": "COMPLETED", "rc": 0, "completed_files": 73}
{"file": "tests/unit/test_wafer_state_v2_gate_stack_fallback_fail_closed_mock.py", "status": "COMPLETED", "rc": 0, "completed_files": 74}
{"file": "tests/unit/test_wafer_state_v2_instance_not_name_mock.py", "status": "COMPLETED", "rc": 0, "completed_files": 75}
{"file": "tests/unit/test_wafer_state_v2_legacy_migration_fail_closed_mock.py", "status": "COMPLETED", "rc": 0, "completed_files": 76}
{"file": "tests/unit/test_wafer_state_v2_multi_extent_provenance_mock.py", "status": "COMPLETED", "rc": 0, "completed_files": 77}
{"file": "tests/unit/test_wafer_state_v2_no_last_step_category_mock.py", "status": "COMPLETED", "rc": 0, "completed_files": 78}
{"file": "tests/unit/test_wafer_state_v2_no_numeric_without_exact_integral_mock.py", "status": "COMPLETED", "rc": 0, "completed_files": 79}
{"file": "tests/unit/test_wafer_state_v2_oxidation_unsupported_mock.py", "status": "COMPLETED", "rc": 0, "completed_files": 80}
{"file": "tests/unit/test_wafer_state_v2_redeposit_no_resurrection_mock.py", "status": "COMPLETED", "rc": 0, "completed_files": 81}
{"file": "tests/unit/test_wafer_state_v2_remesh_preserved_mock.py", "status": "COMPLETED", "rc": 0, "completed_files": 82}
{"file": "tests/unit/test_wafer_state_v2_transform_structural_validation_mock.py", "status": "COMPLETED", "rc": 0, "completed_files": 83}
{"file": "tests/unit/test_wafer_state_v2_transform_targets_instance_mock.py", "status": "COMPLETED", "rc": 0, "completed_files": 84}
{"file": "tests/unit/test_wafer_state_v2_unsupported_returns_none_mock.py", "status": "COMPLETED", "rc": 0, "completed_files": 85}
{"file": "tests/unit/test_waferstate_sequential_advance_mock.py", "status": "COMPLETED", "rc": 0, "completed_files": 86}
{"file": "tests/unit/test_zero_duration_identity_state_contract_mock.py", "status": "COMPLETED", "rc": 0, "completed_files": 87}
{"pass": true, "counts": {"PASS": 87, "FAIL": 0, "TIMEOUT": 0, "ERROR": 0}, "recorded_files": 87}
