[e7a] P0_P0 rc=0 wall=0.2s
[e7a] A_R0 rc=0 wall=0.4s
[e7a] A_R0d rc=0 wall=0.4s
[e7a] A_R1 rc=0 wall=0.3s
[e7a] A_R2 rc=0 wall=0.4s
[e7a] A_R3 rc=0 wall=0.2s
[e7a] B1_R0 rc=0 wall=0.5s
[e7a] B1_R0d rc=0 wall=0.4s
[e7a] B1_R1 rc=0 wall=0.3s
[e7a] B1_R2 rc=0 wall=0.4s
[e7a] B1_R3 rc=0 wall=0.2s
[e7a] B2_R0 rc=0 wall=0.3s
[e7a] B2_R0d rc=0 wall=0.3s
[e7a] B2_R1 rc=0 wall=0.3s
[e7a] B2_R2 rc=0 wall=0.3s
[e7a] B2_R3 rc=0 wall=0.2s
[e7a] C_R0 rc=0 wall=0.5s
[e7a] C_R0d rc=0 wall=0.4s
[e7a] C_R1 rc=0 wall=0.4s
[e7a] C_R2 rc=0 wall=0.6s
[e7a] C_R3 rc=0 wall=0.3s
[e7a] CN_R0 rc=0 wall=0.5s
[e7a] CN_R0d rc=0 wall=0.6s
[e7a] CN_R1 rc=0 wall=0.5s
[e7a] CN_R2 rc=0 wall=0.8s
[e7a] CN_R3 rc=0 wall=0.3s
[e7a] A_R1_eps0.0 rc=0 wall=0.5s
[e7a] A_R1_eps0.02 rc=0 wall=0.9s
[e7a] CN_R1_eps0.0 rc=0 wall=0.4s
[e7a] CN_R1_eps0.02 rc=0 wall=0.4s
