{"file": "tests/integration/test_transport_evidence_gui_real.py", "status": "COMPLETED", "rc": 0}
{"file": "tests/integration/test_gui_doping_donor_acceptor_real.py", "status": "COMPLETED", "rc": 0}
{"file": "tests/integration/test_measurement_canonical_state_gate_real.py", "status": "COMPLETED", "rc": 0}
{"file": "tests/integration/test_gui_headless_no_modal_hang_real.py", "status": "COMPLETED", "rc": 0}
{"file": "tests/unit/test_advance_wafer_state_result_contract_mock.py", "status": "COMPLETED", "rc": 0}
{"file": "tests/unit/test_anneal_profile_mock.py", "status": "COMPLETED", "rc": 0}
{"file": "tests/unit/test_barrier_sections_mock.py", "status": "COMPLETED", "rc": 0}
{"file": "tests/unit/test_cad_negative_validation_mock.py", "status": "COMPLETED", "rc": 0}
{"file": "tests/unit/test_cli_doping_initial_state_branch_mock.py", "status": "COMPLETED", "rc": 0}
{"file": "tests/unit/test_current_unit_contract_mock.py", "status": "COMPLETED", "rc": 0}
{"file": "tests/unit/test_dc_operating_point_mock.py", "status": "COMPLETED", "rc": 0}
{"file": "tests/unit/test_diffusion_model_mock.py", "status": "COMPLETED", "rc": 0}
{"file": "tests/unit/test_dopant_activation_compensation_mock.py", "status": "COMPLETED", "rc": 0}
{"file": "tests/unit/test_dopant_models_mock.py", "status": "COMPLETED", "rc": 0}
{"file": "tests/unit/test_dopant_profile_mock.py", "status": "COMPLETED", "rc": 0}
{"file": "tests/unit/test_dopant_rev2_contract_mock.py", "status": "COMPLETED", "rc": 0}
{"file": "tests/unit/test_doping_staleness_mock.py", "status": "COMPLETED", "rc": 0}
{"file": "tests/unit/test_doping_unsupported_hover_note_mock.py", "status": "COMPLETED", "rc": 0}
{"file": "tests/unit/test_e6l_correction_mock.py", "status": "COMPLETED", "rc": 0}
{"file": "tests/unit/test_e6m_completion_exit_mock.py", "status": "COMPLETED", "rc": 0}
{"file": "tests/unit/test_e6m_execution_contract_mock.py", "status": "COMPLETED", "rc": 0}
{"file": "tests/unit/test_e6m_judge_mock.py", "status": "COMPLETED", "rc": 0}
{"file": "tests/unit/test_electrode_source_context_mock.py", "status": "COMPLETED", "rc": 0}
{"file": "tests/unit/test_etch_material_summary_mock.py", "status": "COMPLETED", "rc": 0}
{"file": "tests/unit/test_field_readout_invalidation_mock.py", "status": "COMPLETED", "rc": 0}
{"file": "tests/unit/test_gaussian_implant_no_existing_param_mock.py", "status": "COMPLETED", "rc": 0}
{"file": "tests/unit/test_gui_canvas_source_contract_mock.py", "status": "COMPLETED", "rc": 0}
{"file": "tests/unit/test_gui_depth_doping_mock.py", "status": "COMPLETED", "rc": 0}
{"file": "tests/unit/test_gui_doping_application_truthfulness_mock.py", "status": "COMPLETED", "rc": 0}
{"file": "tests/unit/test_gui_error_dialog_visibility_gate_mock.py", "status": "COMPLETED", "rc": 0}
{"file": "tests/unit/test_gui_gate_stack_state_mock.py", "status": "COMPLETED", "rc": 0}
{"file": "tests/unit/test_gui_litho_lifecycle_mock.py", "status": "COMPLETED", "rc": 0}
{"file": "tests/unit/test_gui_no_forced_order_mock.py", "status": "COMPLETED", "rc": 0}
{"file": "tests/unit/test_implant_windows_from_mask_mock.py", "status": "COMPLETED", "rc": 0}
{"file": "tests/unit/test_intrinsic_measurement_contract_mock.py", "status": "COMPLETED", "rc": 0}
{"file": "tests/unit/test_intrinsic_refusal_status_mock.py", "status": "COMPLETED", "rc": 0}
{"file": "tests/unit/test_mask_spans_from_openings_mock.py", "status": "COMPLETED", "rc": 0}
{"file": "tests/unit/test_measurement_canonical_state_gate_mock.py", "status": "COMPLETED", "rc": 0}
{"file": "tests/unit/test_measurement_entry_point_gate_mock.py", "status": "COMPLETED", "rc": 0}
{"file": "tests/unit/test_measurement_export_evidence_mock.py", "status": "COMPLETED", "rc": 0}
{"file": "tests/unit/test_measurement_missing_profile_status_mock.py", "status": "COMPLETED", "rc": 0}
{"file": "tests/unit/test_measurement_requested_bias_mock.py", "status": "COMPLETED", "rc": 0}
{"file": "tests/unit/test_measurement_validity_mock.py", "status": "COMPLETED", "rc": 0}
{"file": "tests/unit/test_mesh_area_conservation_mock.py", "status": "COMPLETED", "rc": 0}
{"file": "tests/unit/test_mesh_conformity_check_mock.py", "status": "COMPLETED", "rc": 0}
{"file": "tests/unit/test_mesh_implant_refine_fallback_mock.py", "status": "COMPLETED", "rc": 0}
{"file": "tests/unit/test_mesh_refine_mock.py", "status": "COMPLETED", "rc": 0}
{"file": "tests/unit/test_mesh_structured_remesh_mock.py", "status": "COMPLETED", "rc": 0}
{"file": "tests/unit/test_node_field_caption_mock.py", "status": "COMPLETED", "rc": 0}
{"file": "tests/unit/test_node_field_contacts_mock.py", "status": "COMPLETED", "rc": 0}
{"file": "tests/unit/test_node_field_export_mock.py", "status": "COMPLETED", "rc": 0}
{"file": "tests/unit/test_node_field_hover_mock.py", "status": "COMPLETED", "rc": 0}
{"file": "tests/unit/test_node_fields_mock.py", "status": "COMPLETED", "rc": 0}
{"file": "tests/unit/test_pb_equilibrium_mock.py", "status": "COMPLETED", "rc": 0}
{"file": "tests/unit/test_phase1_bosch_mock.py", "status": "COMPLETED", "rc": 0}
{"file": "tests/unit/test_physics_tables_mock.py", "status": "COMPLETED", "rc": 0}
{"file": "tests/unit/test_physics_values_mock.py", "status": "COMPLETED", "rc": 0}
{"file": "tests/unit/test_pin_model_mock.py", "status": "COMPLETED", "rc": 0}
{"file": "tests/unit/test_pn_judge_integrity_mock.py", "status": "COMPLETED", "rc": 0}
{"file": "tests/unit/test_pn_judge_mock.py", "status": "COMPLETED", "rc": 0}
{"file": "tests/unit/test_pn_reference_mock.py", "status": "COMPLETED", "rc": 0}
{"file": "tests/unit/test_pn_reference_view_mock.py", "status": "COMPLETED", "rc": 0}
{"file": "tests/unit/test_remote_engine_evidence_scope_mock.py", "status": "COMPLETED", "rc": 0}
{"file": "tests/unit/test_resistor_dd_judge_mock.py", "status": "COMPLETED", "rc": 0}
{"file": "tests/unit/test_resolver_mock.py", "status": "COMPLETED", "rc": 0}
{"file": "tests/unit/test_step_junction_2d_gate_mock.py", "status": "COMPLETED", "rc": 0}
{"file": "tests/unit/test_step_junction_2d_gate_precedence_mock.py", "status": "COMPLETED", "rc": 0}
{"file": "tests/unit/test_thermal_anneal_mock.py", "status": "COMPLETED", "rc": 0}
{"file": "tests/unit/test_transport_evidence_mock.py", "status": "COMPLETED", "rc": 0}
{"file": "tests/unit/test_wafer_state_doping_mock.py", "status": "COMPLETED", "rc": 0}
{"file": "tests/unit/test_wafer_state_v2_anneal_fail_closed_mock.py", "status": "COMPLETED", "rc": 0}
{"file": "tests/unit/test_wafer_state_v2_apply_doping_barrier_mock.py", "status": "COMPLETED", "rc": 0}
{"file": "tests/unit/test_wafer_state_v2_barrier_physics_mock.py", "status": "COMPLETED", "rc": 0}
{"file": "tests/unit/test_wafer_state_v2_devsim_mapping_gate_mock.py", "status": "COMPLETED", "rc": 0}
{"file": "tests/unit/test_wafer_state_v2_etch_conservation_mock.py", "status": "COMPLETED", "rc": 0}
{"file": "tests/unit/test_wafer_state_v2_exact_inventory_mock.py", "status": "COMPLETED", "rc": 0}
{"file": "tests/unit/test_wafer_state_v2_explicit_doping_target_mock.py", "status": "COMPLETED", "rc": 0}
{"file": "tests/unit/test_wafer_state_v2_fail_closed_no_resurrection_mock.py", "status": "COMPLETED", "rc": 0}
{"file": "tests/unit/test_wafer_state_v2_gate_stack_fallback_fail_closed_mock.py", "status": "COMPLETED", "rc": 0}
{"file": "tests/unit/test_wafer_state_v2_instance_not_name_mock.py", "status": "COMPLETED", "rc": 0}
{"file": "tests/unit/test_wafer_state_v2_legacy_migration_fail_closed_mock.py", "status": "COMPLETED", "rc": 0}
{"file": "tests/unit/test_wafer_state_v2_multi_extent_provenance_mock.py", "status": "COMPLETED", "rc": 0}
{"file": "tests/unit/test_wafer_state_v2_no_last_step_category_mock.py", "status": "COMPLETED", "rc": 0}
{"file": "tests/unit/test_wafer_state_v2_no_numeric_without_exact_integral_mock.py", "status": "COMPLETED", "rc": 0}
{"file": "tests/unit/test_wafer_state_v2_oxidation_unsupported_mock.py", "status": "COMPLETED", "rc": 0}
{"file": "tests/unit/test_wafer_state_v2_redeposit_no_resurrection_mock.py", "status": "COMPLETED", "rc": 0}
{"file": "tests/unit/test_wafer_state_v2_remesh_preserved_mock.py", "status": "COMPLETED", "rc": 0}
{"file": "tests/unit/test_wafer_state_v2_transform_structural_validation_mock.py", "status": "COMPLETED", "rc": 0}
{"file": "tests/unit/test_wafer_state_v2_transform_targets_instance_mock.py", "status": "COMPLETED", "rc": 0}
{"file": "tests/unit/test_wafer_state_v2_unsupported_returns_none_mock.py", "status": "COMPLETED", "rc": 0}
{"file": "tests/unit/test_waferstate_sequential_advance_mock.py", "status": "COMPLETED", "rc": 0}
{"file": "tests/unit/test_zero_duration_identity_state_contract_mock.py", "status": "COMPLETED", "rc": 0}
