Searching DEVSIM_MATH_LIBS="mkl_rt.3.dll"
Loading "mkl_rt.3.dll": Intel MKL with PARDISO LOADED
Physical group name Si has 0 Tetrahedra.
Physical group name Si has 2 Triangles.
Physical group name Si has 5 Lines.
Physical group name Si has 4 Points.
Device mobility_probe has 4 coordinates with max index 3
Region Si has 4 nodes.
while evaluating node model Z_A on Device: mobility_probe on Region: Si
There was a Divide-by-zero floating point exception while evaluating pow(Acceptors,(-1))
Invalid argument while evaluating function pow
Invalid argument while evaluating function pow
while evaluating node model Z_A on Device: mobility_probe on Region: Si
There was a Divide-by-zero floating point exception while evaluating pow(Acceptors,(-1))
Invalid argument while evaluating function pow
Invalid argument while evaluating function pow
while evaluating model Z_A: expression (1 + (1 * pow((c_A + pow((Nref_A * pow(Acceptors,(-1))),2)),(-1)))) evaluates to invalid
while evaluating node model Z_A on Device: mobility_probe on Region: Si
There was a Divide-by-zero floating point exception while evaluating pow(Acceptors,(-1))
Invalid argument while evaluating function pow
Invalid argument while evaluating function pow
while evaluating node model Z_A on Device: mobility_probe on Region: Si
There was a Divide-by-zero floating point exception while evaluating pow(Acceptors,(-1))
Invalid argument while evaluating function pow
Invalid argument while evaluating function pow
while evaluating model Z_A: expression (1 + (1 * pow((c_A + pow((Nref_A * pow(Acceptors,(-1))),2)),(-1)))) evaluates to invalid
while evaluating node model Z_A on Device: mobility_probe on Region: Si
There was a Divide-by-zero floating point exception while evaluating pow(Acceptors,(-1))
Invalid argument while evaluating function pow
Invalid argument while evaluating function pow
while evaluating node model Z_A on Device: mobility_probe on Region: Si
There was a Divide-by-zero floating point exception while evaluating pow(Acceptors,(-1))
Invalid argument while evaluating function pow
Invalid argument while evaluating function pow
while evaluating model Z_A: expression (1 + (1 * pow((c_A + pow((Nref_A * pow(Acceptors,(-1))),2)),(-1)))) evaluates to invalid
while evaluating node model Z_A on Device: mobility_probe on Region: Si
There was a Divide-by-zero floating point exception while evaluating pow(Acceptors,(-1))
Invalid argument while evaluating function pow
Invalid argument while evaluating function pow
while evaluating node model Z_A on Device: mobility_probe on Region: Si
There was a Divide-by-zero floating point exception while evaluating pow(Acceptors,(-1))
Invalid argument while evaluating function pow
Invalid argument while evaluating function pow
while evaluating model Z_A: expression (1 + (1 * pow((c_A + pow((Nref_A * pow(Acceptors,(-1))),2)),(-1)))) evaluates to invalid
while evaluating node model Z_A on Device: mobility_probe on Region: Si
There was a Divide-by-zero floating point exception while evaluating pow(Acceptors,(-1))
Invalid argument while evaluating function pow
Invalid argument while evaluating function pow
while evaluating node model Z_A on Device: mobility_probe on Region: Si
There was a Divide-by-zero floating point exception while evaluating pow(Acceptors,(-1))
Invalid argument while evaluating function pow
Invalid argument while evaluating function pow
while evaluating model Z_A: expression (1 + (1 * pow((c_A + pow((Nref_A * pow(Acceptors,(-1))),2)),(-1)))) evaluates to invalid
{"case": "PURE_N", "status": "CAPABILITY_UNAVAILABLE", "solve_attempts": 0}
