Searching DEVSIM_MATH_LIBS="mkl_rt.3.dll"
Loading "mkl_rt.3.dll": Intel MKL with PARDISO LOADED
[e6e-tests] ['tests/unit/test_mesh_area_conservation_mock.py'] rc=0 wall=0.2s
Searching DEVSIM_MATH_LIBS="mkl_rt.3.dll"
Loading "mkl_rt.3.dll": Intel MKL with PARDISO LOADED
single material exact: pass, rel 0.0 tau 2.0763317285927413e-14
two materials exact, large-coordinate control: pass
cancelling region errors: refused per region
tolerance boundary: B(1 - 2^-10) pass, B(1 + 2^-10) refused
non-finite / non-positive / missing NodeVolume, element mismatch: refused
input checks: non-finite, non-planar, extra cells, unmapped tag, empty region, duplicate, degenerate, mixed: refused; consistent clockwise accepted
ALL MESH AREA CONSERVATION MOCK CHECKS PASSED

[e6e-tests] ['tests/integration/test_mesh_area_conservation_gate_real.py'] rc=0 wall=197.3s
_xmin has 0 Triangles.
Physical group name Si_xmin has 10 Lines.
Physical group name Si_xmin has 11 Points.
Device gate_device has 231 coordinates with max index 230
Region Si has 231 nodes.
Contact Si_xmax in region Si with 11 nodes
Contact Si_xmin in region Si with 11 nodes
[PASS] control_large_coordinates: {"report": {"Si": {"triangles": 400, "devsim_elements": 400, "nodes": 231, "area": 1.9999999999995597e-08, "sum_NodeVolume": 1.9999999999995593e-08, "relative_difference": -1.1102230246251565e-16, "tau": 2.0763317286021123e-14, "E_A": 1.1102230246249126e-23, "E_S": 2.220446049249824e-24, "E_NV": 4.0194366942483213e-22, "pass": true}}, "regions": ["Si"]}
Physical group name Si has 0 Tetrahedra.
Physical group name Si has 1459200 Triangles.
Physical group name Si has 2190108 Lines.
Physical group name Si has 730909 Points.
Physical group name Si_xmax has 0 Tetrahedra.
Physical group name Si_xmax has 0 Triangles.
Physical group name Si_xmax has 400 Lines.
Physical group name Si_xmax has 401 Points.
Physical group name Si_xmin has 0 Tetrahedra.
Physical group name Si_xmin has 0 Triangles.
Physical group name Si_xmin has 400 Lines.
Physical group name Si_xmin has 401 Points.
Device gui_measure_device has 730909 coordinates with max index 730908
Region Si has 730909 nodes.
Contact Si_xmax in region Si with 401 nodes
Contact Si_xmin in region Si with 401 nodes
[PASS] gui_measure_G2_refused: {"status_reason": "MESH_AREA_NOT_CONSERVED", "calls": {"solve": 0, "node_model": 0, "set_node_values": 0, "set_node_value": 0}, "number_shown": false, "errors": [["Measurement", "UNSUPPORTED_BY_MODEL (MESH_AREA_NOT_CONSERVED): region 'Si': triangle area 4.999999310821319e-07, NodeVolume sum 5.015624284563546e-07, relative difference 0.0031249951791816333, tolerance 2.1077991226866585e-14\n\nMeasurement blocked: no doping was written to DevSim, no solve was run, and no current is reported."]]}
Physical group name Si has 0 Tetrahedra.
Physical group name Si has 998000 Triangles.
Physical group name Si has 1497724 Lines.
Physical group name Si has 499725 Points.
Physical group name Si_xmax has 0 Tetrahedra.
Physical group name Si_xmax has 0 Triangles.
Physical group name Si_xmax has 200 Lines.
Physical group name Si_xmax has 201 Points.
Physical group name Si_xmin has 0 Tetrahedra.
Physical group name Si_xmin has 0 Triangles.
Physical group name Si_xmin has 200 Lines.
Physical group name Si_xmin has 201 Points.
Device gui_measure_device has 499725 coordinates with max index 499724
Region Si has 499725 nodes.
Contact Si_xmax in region Si with 201 nodes
Contact Si_xmin in region Si with 201 nodes
[PASS] gui_measure_G1_reaches_importer: {"imported": ["gui_measure_device"], "status_reason": null, "calls": {"solve": 0, "node_model": 0, "set_node_values": 0, "set_node_value": 0}, "number_shown": false, "errors": ["control stop after a successful import"]}
Physical group name P1 has 0 Tetrahedra.
Physical group name P1 has 0 Triangles.
Physical group name P1 has 128 Lines.
Physical group name P1 has 129 Points.
Physical group name Si has 0 Tetrahedra.
Physical group name Si has 1459200 Triangles.
Physical group name Si has 2190108 Lines.
Physical group name Si has 730909 Points.
Device gui_electrode_device has 730909 coordinates with max index 730908
Region Si has 730909 nodes.
Contact P1 in region Si with 129 nodes
[PASS] gui_pins_G2_refused: {"status_reason": "MESH_AREA_NOT_CONSERVED", "calls": {"solve": 0, "node_model": 0, "set_node_values": 0, "set_node_value": 0}, "errors": ["UNSUPPORTED_BY_MODEL (MESH_AREA_NOT_CONSERVED): region 'Si': triangle area 4.999999310821319e-07, NodeVolume sum 5.015624284563546e-07, relative difference 0.0031249951791816333, tolerance 2.1077991226866585e-14\n\nPins not resolved: no device was kept, no doping was written and nothing will be solved"]}
[PASS] gui_dc_op_after_G2_refusal_solves_nothing: {"return": null}
Physical group name P1 has 0 Tetrahedra.
Physical group name P1 has 0 Triangles.
Physical group name P1 has 128 Lines.
Physical group name P1 has 129 Points.
Physical group name Si has 0 Tetrahedra.
Physical group name Si has 998000 Triangles.
Physical group name Si has 1497724 Lines.
Physical group name Si has 499725 Points.
Device gui_electrode_device has 499725 coordinates with max index 499724
Region Si has 499725 nodes.
Contact P1 in region Si with 129 nodes
[PASS] gui_pins_G1_reaches_importer: {"imported": ["gui_electrode_device"], "errors": []}
Physical group name Si has 0 Tetrahedra.
Physical group name Si has 1459200 Triangles.
Physical group name Si has 2190108 Lines.
Physical group name Si has 730909 Points.
Physical group name Si_xmax has 0 Tetrahedra.
Physical group name Si_xmax has 0 Triangles.
Physical group name Si_xmax has 400 Lines.
Physical group name Si_xmax has 401 Points.
Physical group name Si_xmin has 0 Tetrahedra.
Physical group name Si_xmin has 0 Triangles.
Physical group name Si_xmin has 400 Lines.
Physical group name Si_xmin has 401 Points.
Device cli_device has 730909 coordinates with max index 730908
Region Si has 730909 nodes.
Contact Si_xmax in region Si with 401 nodes
Contact Si_xmin in region Si with 401 nodes
[PASS] cli_G2_refused: {"calls": {"solve": 0, "node_model": 0, "set_node_values": 0, "set_node_value": 0}, "doping_calls": 0, "files": []}
[PASS] no_devices_left_at_end: {"devices": []}
SUMMARY {"results": {"input_sha_G0": true, "input_sha_G1": true, "input_sha_G2": true, "control_G0_imported": true, "control_G1_imported": true, "G2_refused": true, "same_name_retry_after_refusal": true, "control_two_material": true, "control_large_coordinates": true, "gui_measure_G2_refused": true, "gui_measure_G1_reaches_importer": true, "gui_pins_G2_refused": true, "gui_dc_op_after_G2_refusal_solves_nothing": true, "gui_pins_G1_reaches_importer": true, "cli_G2_refused": true, "no_devices_left_at_end": true}, "calls_total": {"solve": 0, "node_model": 0, "set_node_values": 0, "set_node_value": 0}}
ALL MESH AREA CONSERVATION GATE REAL CHECKS PASSED

