Searching DEVSIM_MATH_LIBS="mkl_rt.3.dll"
Loading "mkl_rt.3.dll": Intel MKL with PARDISO LOADED
Physical group name Si has 0 Tetrahedra.
Physical group name Si has 116 Triangles.
Physical group name Si has 188 Lines.
Physical group name Si has 73 Points.
Physical group name Si_xmax has 0 Tetrahedra.
Physical group name Si_xmax has 0 Triangles.
Physical group name Si_xmax has 2 Lines.
Physical group name Si_xmax has 3 Points.
Physical group name Si_xmin has 0 Tetrahedra.
Physical group name Si_xmin has 0 Triangles.
Physical group name Si_xmin has 2 Lines.
Physical group name Si_xmin has 3 Points.
Device e6j_direct_device has 73 coordinates with max index 72
Region Si has 73 nodes.
Contact Si_xmax in region Si with 3 nodes
Contact Si_xmin in region Si with 3 nodes
Creating Node Solution Potential
number of equations 73
Iteration: 0
  Device: "e6j_direct_device"	RelError: 1.00000e+00	AbsError: 1.50243e-01
    Region: "Si"	RelError: 1.00000e+00	AbsError: 1.50243e-01
      Equation: "PotentialEquation"	RelError: 1.00000e+00	AbsError: 1.50243e-01
Iteration: 1
  Device: "e6j_direct_device"	RelError: 4.95922e-01	AbsError: 1.47812e-01
    Region: "Si"	RelError: 4.95922e-01	AbsError: 1.47812e-01
      Equation: "PotentialEquation"	RelError: 4.95922e-01	AbsError: 1.47812e-01
Iteration: 2
  Device: "e6j_direct_device"	RelError: 3.03726e-01	AbsError: 8.00027e-02
    Region: "Si"	RelError: 3.03726e-01	AbsError: 8.00027e-02
      Equation: "PotentialEquation"	RelError: 3.03726e-01	AbsError: 8.00027e-02
Iteration: 3
  Device: "e6j_direct_device"	RelError: 2.11186e-01	AbsError: 5.16817e-02
    Region: "Si"	RelError: 2.11186e-01	AbsError: 5.16817e-02
      Equation: "PotentialEquation"	RelError: 2.11186e-01	AbsError: 5.16817e-02
Iteration: 4
  Device: "e6j_direct_device"	RelError: 1.50881e-01	AbsError: 4.34850e-02
    Region: "Si"	RelError: 1.50881e-01	AbsError: 4.34850e-02
      Equation: "PotentialEquation"	RelError: 1.50881e-01	AbsError: 4.34850e-02
Iteration: 5
  Device: "e6j_direct_device"	RelError: 1.04835e-01	AbsError: 3.37525e-02
    Region: "Si"	RelError: 1.04835e-01	AbsError: 3.37525e-02
      Equation: "PotentialEquation"	RelError: 1.04835e-01	AbsError: 3.37525e-02
Iteration: 6
  Device: "e6j_direct_device"	RelError: 6.51410e-02	AbsError: 2.24341e-02
    Region: "Si"	RelError: 6.51410e-02	AbsError: 2.24341e-02
      Equation: "PotentialEquation"	RelError: 6.51410e-02	AbsError: 2.24341e-02
Iteration: 7
  Device: "e6j_direct_device"	RelError: 3.70516e-02	AbsError: 1.32513e-02
    Region: "Si"	RelError: 3.70516e-02	AbsError: 1.32513e-02
      Equation: "PotentialEquation"	RelError: 3.70516e-02	AbsError: 1.32513e-02
Iteration: 8
  Device: "e6j_direct_device"	RelError: 1.59208e-16	AbsError: 5.69399e-17
    Region: "Si"	RelError: 1.59208e-16	AbsError: 5.69399e-17
      Equation: "PotentialEquation"	RelError: 1.59208e-16	AbsError: 5.69399e-17
Warning: Replacing equation with equation of the same name.
Region: Si, Equation: PotentialEquation, Variable: Potential
number of equations 219
Iteration: 0
  Device: "e6j_direct_device"	RelError: 4.52905e-15	AbsError: 2.20000e+01
    Region: "Si"	RelError: 4.52905e-15	AbsError: 2.20000e+01
      Equation: "ElectronContinuityEquation"	RelError: 2.20000e-15	AbsError: 2.20000e+01
      Equation: "HoleContinuityEquation"	RelError: 2.17384e-15	AbsError: 2.17384e-11
      Equation: "PotentialEquation"	RelError: 1.55213e-16	AbsError: 5.55112e-17
number of equations 219
Iteration: 0
  Device: "e6j_direct_device"	RelError: 2.78827e-03	AbsError: 7.52390e-02
    Region: "Si"	RelError: 2.78827e-03	AbsError: 7.52390e-02
      Equation: "ElectronContinuityEquation"	RelError: 7.42390e-18	AbsError: 7.42390e-02
      Equation: "HoleContinuityEquation"	RelError: 1.02846e-16	AbsError: 1.02846e-12
      Equation: "PotentialEquation"	RelError: 2.78827e-03	AbsError: 1.00000e-03
Iteration: 1
  Device: "e6j_direct_device"	RelError: 2.59423e-16	AbsError: 3.71758e-04
    Region: "Si"	RelError: 2.59423e-16	AbsError: 3.71758e-04
      Equation: "ElectronContinuityEquation"	RelError: 3.71758e-20	AbsError: 3.71758e-04
      Equation: "HoleContinuityEquation"	RelError: 1.81854e-16	AbsError: 1.81854e-12
      Equation: "PotentialEquation"	RelError: 7.75323e-17	AbsError: 2.77484e-17
Physical group name Si has 0 Tetrahedra.
Physical group name Si has 116 Triangles.
Physical group name Si has 188 Lines.
Physical group name Si has 73 Points.
Physical group name Si_xmax has 0 Tetrahedra.
Physical group name Si_xmax has 0 Triangles.
Physical group name Si_xmax has 2 Lines.
Physical group name Si_xmax has 3 Points.
Physical group name Si_xmin has 0 Tetrahedra.
Physical group name Si_xmin has 0 Triangles.
Physical group name Si_xmin has 2 Lines.
Physical group name Si_xmin has 3 Points.
Device gui_measure_device has 73 coordinates with max index 72
Region Si has 73 nodes.
Contact Si_xmax in region Si with 3 nodes
Contact Si_xmin in region Si with 3 nodes
Creating Node Solution Potential
number of equations 73
Iteration: 0
  Device: "gui_measure_device"	RelError: 1.00000e+00	AbsError: 1.50243e-01
    Region: "Si"	RelError: 1.00000e+00	AbsError: 1.50243e-01
      Equation: "PotentialEquation"	RelError: 1.00000e+00	AbsError: 1.50243e-01
Iteration: 1
  Device: "gui_measure_device"	RelError: 4.95922e-01	AbsError: 1.47812e-01
    Region: "Si"	RelError: 4.95922e-01	AbsError: 1.47812e-01
      Equation: "PotentialEquation"	RelError: 4.95922e-01	AbsError: 1.47812e-01
Iteration: 2
  Device: "gui_measure_device"	RelError: 3.03726e-01	AbsError: 8.00027e-02
    Region: "Si"	RelError: 3.03726e-01	AbsError: 8.00027e-02
      Equation: "PotentialEquation"	RelError: 3.03726e-01	AbsError: 8.00027e-02
Iteration: 3
  Device: "gui_measure_device"	RelError: 2.11186e-01	AbsError: 5.16817e-02
    Region: "Si"	RelError: 2.11186e-01	AbsError: 5.16817e-02
      Equation: "PotentialEquation"	RelError: 2.11186e-01	AbsError: 5.16817e-02
Iteration: 4
  Device: "gui_measure_device"	RelError: 1.50881e-01	AbsError: 4.34850e-02
    Region: "Si"	RelError: 1.50881e-01	AbsError: 4.34850e-02
      Equation: "PotentialEquation"	RelError: 1.50881e-01	AbsError: 4.34850e-02
Iteration: 5
  Device: "gui_measure_device"	RelError: 1.04835e-01	AbsError: 3.37525e-02
    Region: "Si"	RelError: 1.04835e-01	AbsError: 3.37525e-02
      Equation: "PotentialEquation"	RelError: 1.04835e-01	AbsError: 3.37525e-02
Iteration: 6
  Device: "gui_measure_device"	RelError: 6.51410e-02	AbsError: 2.24341e-02
    Region: "Si"	RelError: 6.51410e-02	AbsError: 2.24341e-02
      Equation: "PotentialEquation"	RelError: 6.51410e-02	AbsError: 2.24341e-02
Iteration: 7
  Device: "gui_measure_device"	RelError: 3.70516e-02	AbsError: 1.32513e-02
    Region: "Si"	RelError: 3.70516e-02	AbsError: 1.32513e-02
      Equation: "PotentialEquation"	RelError: 3.70516e-02	AbsError: 1.32513e-02
Iteration: 8
  Device: "gui_measure_device"	RelError: 1.59208e-16	AbsError: 5.69399e-17
    Region: "Si"	RelError: 1.59208e-16	AbsError: 5.69399e-17
      Equation: "PotentialEquation"	RelError: 1.59208e-16	AbsError: 5.69399e-17
Warning: Replacing equation with equation of the same name.
Region: Si, Equation: PotentialEquation, Variable: Potential
number of equations 219
Iteration: 0
  Device: "gui_measure_device"	RelError: 4.52905e-15	AbsError: 2.20000e+01
    Region: "Si"	RelError: 4.52905e-15	AbsError: 2.20000e+01
      Equation: "ElectronContinuityEquation"	RelError: 2.20000e-15	AbsError: 2.20000e+01
      Equation: "HoleContinuityEquation"	RelError: 2.17384e-15	AbsError: 2.17384e-11
      Equation: "PotentialEquation"	RelError: 1.55213e-16	AbsError: 5.55112e-17
number of equations 219
Iteration: 0
  Device: "gui_measure_device"	RelError: 2.78827e-03	AbsError: 7.52390e-02
    Region: "Si"	RelError: 2.78827e-03	AbsError: 7.52390e-02
      Equation: "ElectronContinuityEquation"	RelError: 7.42390e-18	AbsError: 7.42390e-02
      Equation: "HoleContinuityEquation"	RelError: 1.02846e-16	AbsError: 1.02846e-12
      Equation: "PotentialEquation"	RelError: 2.78827e-03	AbsError: 1.00000e-03
Iteration: 1
  Device: "gui_measure_device"	RelError: 2.59423e-16	AbsError: 3.71758e-04
    Region: "Si"	RelError: 2.59423e-16	AbsError: 3.71758e-04
      Equation: "ElectronContinuityEquation"	RelError: 3.71758e-20	AbsError: 3.71758e-04
      Equation: "HoleContinuityEquation"	RelError: 1.81854e-16	AbsError: 1.81854e-12
      Equation: "PotentialEquation"	RelError: 7.75323e-17	AbsError: 2.77484e-17
Physical group name Si has 0 Tetrahedra.
Physical group name Si has 116 Triangles.
Physical group name Si has 188 Lines.
Physical group name Si has 73 Points.
Physical group name Si_xmax has 0 Tetrahedra.
Physical group name Si_xmax has 0 Triangles.
Physical group name Si_xmax has 2 Lines.
Physical group name Si_xmax has 3 Points.
Physical group name Si_xmin has 0 Tetrahedra.
Physical group name Si_xmin has 0 Triangles.
Physical group name Si_xmin has 2 Lines.
Physical group name Si_xmin has 3 Points.
Device gui_measure_device has 73 coordinates with max index 72
Region Si has 73 nodes.
Contact Si_xmax in region Si with 3 nodes
Contact Si_xmin in region Si with 3 nodes
Physical group name Si has 0 Tetrahedra.
Physical group name Si has 116 Triangles.
Physical group name Si has 188 Lines.
Physical group name Si has 73 Points.
Physical group name Si_xmax has 0 Tetrahedra.
Physical group name Si_xmax has 0 Triangles.
Physical group name Si_xmax has 2 Lines.
Physical group name Si_xmax has 3 Points.
Physical group name Si_xmin has 0 Tetrahedra.
Physical group name Si_xmin has 0 Triangles.
Physical group name Si_xmin has 2 Lines.
Physical group name Si_xmin has 3 Points.
Device gui_measure_device has 73 coordinates with max index 72
Region Si has 73 nodes.
Contact Si_xmax in region Si with 3 nodes
Contact Si_xmin in region Si with 3 nodes
PASS direct path entered production DD (3 solves)
PASS raw I_max unchanged vs committed E6I value (1e-12 relative)
PASS raw I_min unchanged vs committed E6I value (1e-12 relative)
PASS raw I_max equals theory G V (1e-9 relative)
PASS sweep metadata carries machine-readable unit
PASS explicit-depth conversion CONTROL (test depth 1 um = 1e-4 cm): 1.6e-4 A/cm x 1e-4 cm = 1.6e-8 A
PASS GUI ACTIVE: block printed with source and ground lines
PASS GUI ACTIVE: unit printed is A/cm on both lines
PASS GUI ACTIVE: no legacy plain-A current line
PASS GUI ACTIVE: per-unit-depth note shown
PASS GUI ACTIVE: source pin / voltage
PASS GUI ACTIVE: printed source current equals direct raw (1e-6, printed digits)
PASS GUI ACTIVE: printed ground current equals direct raw (1e-6), sign kept
PASS GUI CHEMICAL: 0 solves, 0 doping writes, no measurement block, no numeric current line, no leaked device
PASS GUI CHEMICAL: physics_status resolution UNSUPPORTED_BY_MODEL and a real entry names the activation state
PASS GUI UNKNOWN: 0 solves, 0 doping writes, no measurement block, no numeric current line, no leaked device
PASS GUI UNKNOWN: physics_status resolution UNSUPPORTED_BY_MODEL and a real entry names the activation state
GUI CURRENT UNIT CONTRACT PASSED
