Searching DEVSIM_MATH_LIBS="mkl_rt.3.dll"
Loading "mkl_rt.3.dll": Intel MKL with PARDISO LOADED
Si_xmax
 (region: Si)
 (contact: Si_xmin)
 (contact: Si_xmax)
Creating Node Solution Potential
number of equations 3089
Iteration: 0
  Device: "e6ne_fwd"	RelError: 1.00000e+00	AbsError: 3.26531e-01
    Region: "Si"	RelError: 1.00000e+00	AbsError: 3.26531e-01
      Equation: "PotentialEquation"	RelError: 1.00000e+00	AbsError: 3.26531e-01
Iteration: 1
  Device: "e6ne_fwd"	RelError: 9.30988e+01	AbsError: 1.46989e-01
    Region: "Si"	RelError: 9.30988e+01	AbsError: 1.46989e-01
      Equation: "PotentialEquation"	RelError: 9.30988e+01	AbsError: 1.46989e-01
Iteration: 2
  Device: "e6ne_fwd"	RelError: 1.42985e+00	AbsError: 6.73888e-02
    Region: "Si"	RelError: 1.42985e+00	AbsError: 6.73888e-02
      Equation: "PotentialEquation"	RelError: 1.42985e+00	AbsError: 6.73888e-02
Iteration: 3
  Device: "e6ne_fwd"	RelError: 5.38721e+00	AbsError: 5.73651e-02
    Region: "Si"	RelError: 5.38721e+00	AbsError: 5.73651e-02
      Equation: "PotentialEquation"	RelError: 5.38721e+00	AbsError: 5.73651e-02
Iteration: 4
  Device: "e6ne_fwd"	RelError: 1.11067e+00	AbsError: 5.01960e-02
    Region: "Si"	RelError: 1.11067e+00	AbsError: 5.01960e-02
      Equation: "PotentialEquation"	RelError: 1.11067e+00	AbsError: 5.01960e-02
Iteration: 5
  Device: "e6ne_fwd"	RelError: 4.49908e-01	AbsError: 4.17220e-02
    Region: "Si"	RelError: 4.49908e-01	AbsError: 4.17220e-02
      Equation: "PotentialEquation"	RelError: 4.49908e-01	AbsError: 4.17220e-02
Iteration: 6
  Device: "e6ne_fwd"	RelError: 8.18607e-02	AbsError: 3.16681e-02
    Region: "Si"	RelError: 8.18607e-02	AbsError: 3.16681e-02
      Equation: "PotentialEquation"	RelError: 8.18607e-02	AbsError: 3.16681e-02
Iteration: 7
  Device: "e6ne_fwd"	RelError: 4.94127e-02	AbsError: 2.01091e-02
    Region: "Si"	RelError: 4.94127e-02	AbsError: 2.01091e-02
      Equation: "PotentialEquation"	RelError: 4.94127e-02	AbsError: 2.01091e-02
Iteration: 8
  Device: "e6ne_fwd"	RelError: 2.46584e-02	AbsError: 1.02888e-02
    Region: "Si"	RelError: 2.46584e-02	AbsError: 1.02888e-02
      Equation: "PotentialEquation"	RelError: 2.46584e-02	AbsError: 1.02888e-02
Iteration: 9
  Device: "e6ne_fwd"	RelError: 8.12087e-15	AbsError: 5.59163e-17
    Region: "Si"	RelError: 8.12087e-15	AbsError: 5.59163e-17
      Equation: "PotentialEquation"	RelError: 8.12087e-15	AbsError: 5.59163e-17
Warning: Replacing equation with equation of the same name.
Region: Si, Equation: PotentialEquation, Variable: Potential
number of equations 9267
Iteration: 0
  Device: "e6ne_fwd"	RelError: 8.33699e-14	AbsError: 1.00800e+03
    Region: "Si"	RelError: 8.33699e-14	AbsError: 1.00800e+03
      Equation: "ElectronContinuityEquation"	RelError: 1.01606e-14	AbsError: 4.96000e+02
      Equation: "HoleContinuityEquation"	RelError: 1.02968e-14	AbsError: 5.12000e+02
      Equation: "PotentialEquation"	RelError: 6.29125e-14	AbsError: 1.46779e-16
number of equations 9267
Iteration: 0
  Device: "e6ne_fwd"	RelError: 2.87611e+01	AbsError: 2.23735e+16
    Region: "Si"	RelError: 2.87611e+01	AbsError: 2.23735e+16
      Equation: "ElectronContinuityEquation"	RelError: 7.91927e-01	AbsError: 1.11868e+16
      Equation: "HoleContinuityEquation"	RelError: 7.91211e-01	AbsError: 1.11867e+16
      Equation: "PotentialEquation"	RelError: 2.71780e+01	AbsError: 4.09542e-02
Iteration: 1
  Device: "e6ne_fwd"	RelError: 1.35331e+02	AbsError: 2.84105e+15
    Region: "Si"	RelError: 1.35331e+02	AbsError: 2.84105e+15
      Equation: "ElectronContinuityEquation"	RelError: 6.90114e-01	AbsError: 1.46256e+15
      Equation: "HoleContinuityEquation"	RelError: 7.85009e-01	AbsError: 1.37850e+15
      Equation: "PotentialEquation"	RelError: 1.33855e+02	AbsError: 3.07632e-02
Iteration: 2
  Device: "e6ne_fwd"	RelError: 1.39324e+00	AbsError: 2.46736e+14
    Region: "Si"	RelError: 1.39324e+00	AbsError: 2.46736e+14
      Equation: "ElectronContinuityEquation"	RelError: 5.13510e-01	AbsError: 1.09140e+14
      Equation: "HoleContinuityEquation"	RelError: 4.95947e-01	AbsError: 1.37596e+14
      Equation: "PotentialEquation"	RelError: 3.83780e-01	AbsError: 2.58613e-02
Iteration: 3
  Device: "e6ne_fwd"	RelError: 3.91706e-01	AbsError: 9.03379e+12
    Region: "Si"	RelError: 3.91706e-01	AbsError: 9.03379e+12
      Equation: "ElectronContinuityEquation"	RelError: 2.86244e-01	AbsError: 5.91238e+11
      Equation: "HoleContinuityEquation"	RelError: 7.65716e-02	AbsError: 8.44255e+12
      Equation: "PotentialEquation"	RelError: 2.88897e-02	AbsError: 9.16533e-03
Iteration: 4
  Device: "e6ne_fwd"	RelError: 9.02590e-02	AbsError: 2.60670e+12
    Region: "Si"	RelError: 9.02590e-02	AbsError: 2.60670e+12
      Equation: "ElectronContinuityEquation"	RelError: 8.59158e-02	AbsError: 1.23235e+11
      Equation: "HoleContinuityEquation"	RelError: 7.03509e-05	AbsError: 2.48346e+12
      Equation: "PotentialEquation"	RelError: 4.27281e-03	AbsError: 8.68343e-07
Iteration: 5
  Device: "e6ne_fwd"	RelError: 1.81936e-06	AbsError: 1.28460e+07
    Region: "Si"	RelError: 1.81936e-06	AbsError: 1.28460e+07
      Equation: "ElectronContinuityEquation"	RelError: 1.81775e-06	AbsError: 1.72091e+05
      Equation: "HoleContinuityEquation"	RelError: 1.50245e-09	AbsError: 1.26739e+07
      Equation: "PotentialEquation"	RelError: 1.09669e-10	AbsError: 1.45072e-12
Iteration: 6
  Device: "e6ne_fwd"	RelError: 2.24648e-13	AbsError: 1.40175e+02
    Region: "Si"	RelError: 2.24648e-13	AbsError: 1.40175e+02
      Equation: "ElectronContinuityEquation"	RelError: 5.85200e-15	AbsError: 7.59087e+01
      Equation: "HoleContinuityEquation"	RelError: 3.26026e-15	AbsError: 6.42668e+01
      Equation: "PotentialEquation"	RelError: 2.15535e-13	AbsError: 6.74802e-17
number of equations 9267
Iteration: 0
  Device: "e6ne_fwd"	RelError: 4.40768e+01	AbsError: 2.39562e+16
    Region: "Si"	RelError: 4.40768e+01	AbsError: 2.39562e+16
      Equation: "ElectronContinuityEquation"	RelError: 7.94197e-01	AbsError: 1.19783e+16
      Equation: "HoleContinuityEquation"	RelError: 7.94134e-01	AbsError: 1.19779e+16
      Equation: "PotentialEquation"	RelError: 4.24885e+01	AbsError: 4.09542e-02
Iteration: 1
  Device: "e6ne_fwd"	RelError: 2.43237e+01	AbsError: 3.31133e+15
    Region: "Si"	RelError: 2.43237e+01	AbsError: 3.31133e+15
      Equation: "ElectronContinuityEquation"	RelError: 6.91090e-01	AbsError: 1.71106e+15
      Equation: "HoleContinuityEquation"	RelError: 7.86406e-01	AbsError: 1.60026e+15
      Equation: "PotentialEquation"	RelError: 2.28462e+01	AbsError: 3.07632e-02
Iteration: 2
  Device: "e6ne_fwd"	RelError: 8.57427e+01	AbsError: 3.52536e+14
    Region: "Si"	RelError: 8.57427e+01	AbsError: 3.52536e+14
      Equation: "ElectronContinuityEquation"	RelError: 5.13916e-01	AbsError: 1.79413e+14
      Equation: "HoleContinuityEquation"	RelError: 4.97352e-01	AbsError: 1.73123e+14
      Equation: "PotentialEquation"	RelError: 8.47314e+01	AbsError: 2.58654e-02
Iteration: 3
  Device: "e6ne_fwd"	RelError: 4.04522e-01	AbsError: 1.21948e+13
    Region: "Si"	RelError: 4.04522e-01	AbsError: 1.21948e+13
      Equation: "ElectronContinuityEquation"	RelError: 2.86327e-01	AbsError: 9.52812e+11
      Equation: "HoleContinuityEquation"	RelError: 7.60078e-02	AbsError: 1.12420e+13
      Equation: "PotentialEquation"	RelError: 4.21875e-02	AbsError: 9.16533e-03
Iteration: 4
  Device: "e6ne_fwd"	RelError: 9.12734e-02	AbsError: 2.31412e+12
    Region: "Si"	RelError: 9.12734e-02	AbsError: 2.31412e+12
      Equation: "ElectronContinuityEquation"	RelError: 8.59591e-02	AbsError: 1.19601e+11
      Equation: "HoleContinuityEquation"	RelError: 6.58472e-05	AbsError: 2.19452e+12
      Equation: "PotentialEquation"	RelError: 5.24841e-03	AbsError: 7.74008e-07
Iteration: 5
  Device: "e6ne_fwd"	RelError: 1.60927e-06	AbsError: 1.03941e+07
    Region: "Si"	RelError: 1.60927e-06	AbsError: 1.03941e+07
      Equation: "ElectronContinuityEquation"	RelError: 1.60776e-06	AbsError: 1.64265e+05
      Equation: "HoleContinuityEquation"	RelError: 1.20001e-09	AbsError: 1.02299e+07
      Equation: "PotentialEquation"	RelError: 3.15194e-10	AbsError: 1.16728e-12
Iteration: 6
  Device: "e6ne_fwd"	RelError: 1.09912e-13	AbsError: 1.56155e+02
    Region: "Si"	RelError: 1.09912e-13	AbsError: 1.56155e+02
      Equation: "ElectronContinuityEquation"	RelError: 4.95135e-15	AbsError: 9.52471e+01
      Equation: "HoleContinuityEquation"	RelError: 3.10944e-15	AbsError: 6.09076e+01
      Equation: "PotentialEquation"	RelError: 1.01851e-13	AbsError: 5.04035e-17
number of equations 9267
Iteration: 0
  Device: "e6ne_fwd"	RelError: 1.05614e+02	AbsError: 2.59302e+16
    Region: "Si"	RelError: 1.05614e+02	AbsError: 2.59302e+16
      Equation: "ElectronContinuityEquation"	RelError: 7.94291e-01	AbsError: 1.29648e+16
      Equation: "HoleContinuityEquation"	RelError: 7.94262e-01	AbsError: 1.29654e+16
      Equation: "PotentialEquation"	RelError: 1.04026e+02	AbsError: 4.09542e-02
Iteration: 1
  Device: "e6ne_fwd"	RelError: 4.02514e+01	AbsError: 3.96326e+15
    Region: "Si"	RelError: 4.02514e+01	AbsError: 3.96326e+15
      Equation: "ElectronContinuityEquation"	RelError: 6.91092e-01	AbsError: 2.05863e+15
      Equation: "HoleContinuityEquation"	RelError: 7.86698e-01	AbsError: 1.90462e+15
      Equation: "PotentialEquation"	RelError: 3.87736e+01	AbsError: 3.07632e-02
Iteration: 2
  Device: "e6ne_fwd"	RelError: 2.10571e+01	AbsError: 5.18578e+14
    Region: "Si"	RelError: 2.10571e+01	AbsError: 5.18578e+14
      Equation: "ElectronContinuityEquation"	RelError: 5.13857e-01	AbsError: 2.91651e+14
      Equation: "HoleContinuityEquation"	RelError: 4.99018e-01	AbsError: 2.26927e+14
      Equation: "PotentialEquation"	RelError: 2.00442e+01	AbsError: 2.58635e-02
Iteration: 3
  Device: "e6ne_fwd"	RelError: 4.39891e-01	AbsError: 1.77301e+13
    Region: "Si"	RelError: 4.39891e-01	AbsError: 1.77301e+13
      Equation: "ElectronContinuityEquation"	RelError: 2.86446e-01	AbsError: 1.63636e+12
      Equation: "HoleContinuityEquation"	RelError: 7.52777e-02	AbsError: 1.60937e+13
      Equation: "PotentialEquation"	RelError: 7.81676e-02	AbsError: 9.16533e-03
Iteration: 4
  Device: "e6ne_fwd"	RelError: 8.68394e-02	AbsError: 1.93893e+12
    Region: "Si"	RelError: 8.68394e-02	AbsError: 1.93893e+12
      Equation: "ElectronContinuityEquation"	RelError: 8.59509e-02	AbsError: 1.11066e+11
      Equation: "HoleContinuityEquation"	RelError: 6.23798e-05	AbsError: 1.82786e+12
      Equation: "PotentialEquation"	RelError: 8.26094e-04	AbsError: 6.49495e-07
Iteration: 5
  Device: "e6ne_fwd"	RelError: 1.33716e-06	AbsError: 7.48322e+06
    Region: "Si"	RelError: 1.33716e-06	AbsError: 7.48322e+06
      Equation: "ElectronContinuityEquation"	RelError: 1.33618e-06	AbsError: 1.44963e+05
      Equation: "HoleContinuityEquation"	RelError: 8.87848e-10	AbsError: 7.33826e+06
      Equation: "PotentialEquation"	RelError: 9.44042e-11	AbsError: 8.42780e-13
Iteration: 6
  Device: "e6ne_fwd"	RelError: 2.26235e-14	AbsError: 1.86815e+02
    Region: "Si"	RelError: 2.26235e-14	AbsError: 1.86815e+02
      Equation: "ElectronContinuityEquation"	RelError: 2.75534e-15	AbsError: 9.91079e+01
      Equation: "HoleContinuityEquation"	RelError: 3.15011e-15	AbsError: 8.77066e+01
      Equation: "PotentialEquation"	RelError: 1.67180e-14	AbsError: 4.20456e-17
number of equations 9267
Iteration: 0
  Device: "e6ne_fwd"	RelError: 1.17537e+02	AbsError: 2.84897e+16
    Region: "Si"	RelError: 1.17537e+02	AbsError: 2.84897e+16
      Equation: "ElectronContinuityEquation"	RelError: 7.94288e-01	AbsError: 1.42452e+16
      Equation: "HoleContinuityEquation"	RelError: 7.94257e-01	AbsError: 1.42445e+16
      Equation: "PotentialEquation"	RelError: 1.15948e+02	AbsError: 4.09542e-02
Iteration: 1
  Device: "e6ne_fwd"	RelError: 7.44477e+01	AbsError: 4.92671e+15
    Region: "Si"	RelError: 7.44477e+01	AbsError: 4.92671e+15
      Equation: "ElectronContinuityEquation"	RelError: 6.91154e-01	AbsError: 2.57926e+15
      Equation: "HoleContinuityEquation"	RelError: 7.86862e-01	AbsError: 2.34745e+15
      Equation: "PotentialEquation"	RelError: 7.29696e+01	AbsError: 3.07632e-02
Iteration: 2
  Device: "e6ne_fwd"	RelError: 3.10209e+02	AbsError: 7.91615e+14
    Region: "Si"	RelError: 3.10209e+02	AbsError: 7.91615e+14
      Equation: "ElectronContinuityEquation"	RelError: 5.13649e-01	AbsError: 4.76107e+14
      Equation: "HoleContinuityEquation"	RelError: 5.01594e-01	AbsError: 3.15509e+14
      Equation: "PotentialEquation"	RelError: 3.09194e+02	AbsError: 2.58649e-02
Iteration: 3
  Device: "e6ne_fwd"	RelError: 1.23450e+00	AbsError: 2.79972e+13
    Region: "Si"	RelError: 1.23450e+00	AbsError: 2.79972e+13
      Equation: "ElectronContinuityEquation"	RelError: 2.86588e-01	AbsError: 3.13901e+12
      Equation: "HoleContinuityEquation"	RelError: 7.43859e-02	AbsError: 2.48582e+13
      Equation: "PotentialEquation"	RelError: 8.73527e-01	AbsError: 9.16533e-03
Iteration: 4
  Device: "e6ne_fwd"	RelError: 9.18135e-02	AbsError: 1.43303e+12
    Region: "Si"	RelError: 9.18135e-02	AbsError: 1.43303e+12
      Equation: "ElectronContinuityEquation"	RelError: 8.59245e-02	AbsError: 9.24876e+10
      Equation: "HoleContinuityEquation"	RelError: 6.20570e-05	AbsError: 1.34054e+12
      Equation: "PotentialEquation"	RelError: 5.82694e-03	AbsError: 4.77948e-07
Iteration: 5
  Device: "e6ne_fwd"	RelError: 9.75848e-07	AbsError: 4.20558e+06
    Region: "Si"	RelError: 9.75848e-07	AbsError: 4.20558e+06
      Equation: "ElectronContinuityEquation"	RelError: 9.72308e-07	AbsError: 1.04638e+05
      Equation: "HoleContinuityEquation"	RelError: 5.69657e-10	AbsError: 4.10095e+06
      Equation: "PotentialEquation"	RelError: 2.97028e-09	AbsError: 4.76516e-13
number of equations 9267
Iteration: 0
  Device: "e6ne_fwd"	RelError: 3.31642e+00	AbsError: 3.19961e+16
    Region: "Si"	RelError: 3.31642e+00	AbsError: 3.19961e+16
      Equation: "ElectronContinuityEquation"	RelError: 7.94278e-01	AbsError: 1.59978e+16
      Equation: "HoleContinuityEquation"	RelError: 7.94243e-01	AbsError: 1.59983e+16
      Equation: "PotentialEquation"	RelError: 1.72790e+00	AbsError: 4.09542e-02
Iteration: 1
  Device: "e6ne_fwd"	RelError: 2.04312e+00	AbsError: 6.48372e+15
    Region: "Si"	RelError: 2.04312e+00	AbsError: 6.48372e+15
      Equation: "ElectronContinuityEquation"	RelError: 6.91215e-01	AbsError: 3.43418e+15
      Equation: "HoleContinuityEquation"	RelError: 7.87083e-01	AbsError: 3.04954e+15
      Equation: "PotentialEquation"	RelError: 5.64823e-01	AbsError: 3.07632e-02
Iteration: 2
  Device: "e6ne_fwd"	RelError: 1.30674e+00	AbsError: 1.24220e+15
    Region: "Si"	RelError: 1.30674e+00	AbsError: 1.24220e+15
      Equation: "ElectronContinuityEquation"	RelError: 5.13512e-01	AbsError: 7.62561e+14
      Equation: "HoleContinuityEquation"	RelError: 5.04709e-01	AbsError: 4.79636e+14
      Equation: "PotentialEquation"	RelError: 2.88519e-01	AbsError: 2.58813e-02
Iteration: 3
  Device: "e6ne_fwd"	RelError: 4.71229e-01	AbsError: 5.02130e+13
    Region: "Si"	RelError: 4.71229e-01	AbsError: 5.02130e+13
      Equation: "ElectronContinuityEquation"	RelError: 2.86773e-01	AbsError: 7.09429e+12
      Equation: "HoleContinuityEquation"	RelError: 7.36935e-02	AbsError: 4.31187e+13
      Equation: "PotentialEquation"	RelError: 1.10762e-01	AbsError: 9.16533e-03
Iteration: 4
  Device: "e6ne_fwd"	RelError: 8.59186e-02	AbsError: 6.22559e+11
    Region: "Si"	RelError: 8.59186e-02	AbsError: 6.22559e+11
      Equation: "ElectronContinuityEquation"	RelError: 8.58504e-02	AbsError: 3.09017e+10
      Equation: "HoleContinuityEquation"	RelError: 6.66319e-05	AbsError: 5.91657e+11
      Equation: "PotentialEquation"	RelError: 1.54251e-06	AbsError: 1.64139e-07
Iteration: 5
  Device: "e6ne_fwd"	RelError: 4.25173e-07	AbsError: 1.01343e+06
    Region: "Si"	RelError: 4.25173e-07	AbsError: 1.01343e+06
      Equation: "ElectronContinuityEquation"	RelError: 4.24990e-07	AbsError: 1.01028e+05
      Equation: "HoleContinuityEquation"	RelError: 1.79725e-10	AbsError: 9.12401e+05
      Equation: "PotentialEquation"	RelError: 4.06066e-12	AbsError: 3.54891e-13
number of equations 9267
Iteration: 0
  Device: "e6ne_fwd"	RelError: 1.91953e+00	AbsError: 3.72293e+16
    Region: "Si"	RelError: 1.91953e+00	AbsError: 3.72293e+16
      Equation: "ElectronContinuityEquation"	RelError: 7.94252e-01	AbsError: 1.86145e+16
      Equation: "HoleContinuityEquation"	RelError: 7.94209e-01	AbsError: 1.86147e+16
      Equation: "PotentialEquation"	RelError: 3.31072e-01	AbsError: 4.09542e-02
Iteration: 1
  Device: "e6ne_fwd"	RelError: 1.67761e+00	AbsError: 9.39331e+15
    Region: "Si"	RelError: 1.67761e+00	AbsError: 9.39331e+15
      Equation: "ElectronContinuityEquation"	RelError: 6.91218e-01	AbsError: 5.06730e+15
      Equation: "HoleContinuityEquation"	RelError: 7.87235e-01	AbsError: 4.32601e+15
      Equation: "PotentialEquation"	RelError: 1.99160e-01	AbsError: 3.07632e-02
Iteration: 2
  Device: "e6ne_fwd"	RelError: 1.15893e+00	AbsError: 2.03193e+15
    Region: "Si"	RelError: 1.15893e+00	AbsError: 2.03193e+15
      Equation: "ElectronContinuityEquation"	RelError: 5.12833e-01	AbsError: 1.18522e+15
      Equation: "HoleContinuityEquation"	RelError: 5.08392e-01	AbsError: 8.46716e+14
      Equation: "PotentialEquation"	RelError: 1.37700e-01	AbsError: 2.58895e-02
Iteration: 3
  Device: "e6ne_fwd"	RelError: 4.08069e-01	AbsError: 2.06164e+14
    Region: "Si"	RelError: 4.08069e-01	AbsError: 2.06164e+14
      Equation: "ElectronContinuityEquation"	RelError: 2.86335e-01	AbsError: 3.49180e+13
      Equation: "HoleContinuityEquation"	RelError: 7.15807e-02	AbsError: 1.71246e+14
      Equation: "PotentialEquation"	RelError: 5.01529e-02	AbsError: 9.16533e-03
Iteration: 4
  Device: "e6ne_fwd"	RelError: 8.54200e-02	AbsError: 2.01851e+12
    Region: "Si"	RelError: 8.54200e-02	AbsError: 2.01851e+12
      Equation: "ElectronContinuityEquation"	RelError: 8.53111e-02	AbsError: 1.05871e+12
      Equation: "HoleContinuityEquation"	RelError: 9.30873e-05	AbsError: 9.59794e+11
      Equation: "PotentialEquation"	RelError: 1.57898e-05	AbsError: 2.88499e-06
Iteration: 5
  Device: "e6ne_fwd"	RelError: 4.32431e-06	AbsError: 3.40043e+07
    Region: "Si"	RelError: 4.32431e-06	AbsError: 3.40043e+07
      Equation: "ElectronContinuityEquation"	RelError: 4.31215e-06	AbsError: 1.73074e+07
      Equation: "HoleContinuityEquation"	RelError: 1.20566e-08	AbsError: 1.66969e+07
      Equation: "PotentialEquation"	RelError: 1.07247e-10	AbsError: 1.95935e-11
Iteration: 6
  Device: "e6ne_fwd"	RelError: 1.38560e-14	AbsError: 1.32387e+02
    Region: "Si"	RelError: 1.38560e-14	AbsError: 1.32387e+02
      Equation: "ElectronContinuityEquation"	RelError: 9.37514e-15	AbsError: 5.98558e+01
      Equation: "HoleContinuityEquation"	RelError: 3.79567e-15	AbsError: 7.25316e+01
      Equation: "PotentialEquation"	RelError: 6.85217e-16	AbsError: 1.25175e-16
Si_xmax
 (region: Si)
 (contact: Si_xmin)
 (contact: Si_xmax)
Creating Node Solution Potential
number of equations 3089
Iteration: 0
  Device: "e6ne_rev"	RelError: 1.00000e+00	AbsError: 3.26531e-01
    Region: "Si"	RelError: 1.00000e+00	AbsError: 3.26531e-01
      Equation: "PotentialEquation"	RelError: 1.00000e+00	AbsError: 3.26531e-01
Iteration: 1
  Device: "e6ne_rev"	RelError: 9.30988e+01	AbsError: 1.46989e-01
    Region: "Si"	RelError: 9.30988e+01	AbsError: 1.46989e-01
      Equation: "PotentialEquation"	RelError: 9.30988e+01	AbsError: 1.46989e-01
Iteration: 2
  Device: "e6ne_rev"	RelError: 1.42985e+00	AbsError: 6.73888e-02
    Region: "Si"	RelError: 1.42985e+00	AbsError: 6.73888e-02
      Equation: "PotentialEquation"	RelError: 1.42985e+00	AbsError: 6.73888e-02
Iteration: 3
  Device: "e6ne_rev"	RelError: 5.38721e+00	AbsError: 5.73651e-02
    Region: "Si"	RelError: 5.38721e+00	AbsError: 5.73651e-02
      Equation: "PotentialEquation"	RelError: 5.38721e+00	AbsError: 5.73651e-02
Iteration: 4
  Device: "e6ne_rev"	RelError: 1.11067e+00	AbsError: 5.01960e-02
    Region: "Si"	RelError: 1.11067e+00	AbsError: 5.01960e-02
      Equation: "PotentialEquation"	RelError: 1.11067e+00	AbsError: 5.01960e-02
Iteration: 5
  Device: "e6ne_rev"	RelError: 4.49908e-01	AbsError: 4.17220e-02
    Region: "Si"	RelError: 4.49908e-01	AbsError: 4.17220e-02
      Equation: "PotentialEquation"	RelError: 4.49908e-01	AbsError: 4.17220e-02
Iteration: 6
  Device: "e6ne_rev"	RelError: 8.18607e-02	AbsError: 3.16681e-02
    Region: "Si"	RelError: 8.18607e-02	AbsError: 3.16681e-02
      Equation: "PotentialEquation"	RelError: 8.18607e-02	AbsError: 3.16681e-02
Iteration: 7
  Device: "e6ne_rev"	RelError: 4.94127e-02	AbsError: 2.01091e-02
    Region: "Si"	RelError: 4.94127e-02	AbsError: 2.01091e-02
      Equation: "PotentialEquation"	RelError: 4.94127e-02	AbsError: 2.01091e-02
Iteration: 8
  Device: "e6ne_rev"	RelError: 2.46584e-02	AbsError: 1.02888e-02
    Region: "Si"	RelError: 2.46584e-02	AbsError: 1.02888e-02
      Equation: "PotentialEquation"	RelError: 2.46584e-02	AbsError: 1.02888e-02
Iteration: 9
  Device: "e6ne_rev"	RelError: 8.12087e-15	AbsError: 5.59163e-17
    Region: "Si"	RelError: 8.12087e-15	AbsError: 5.59163e-17
      Equation: "PotentialEquation"	RelError: 8.12087e-15	AbsError: 5.59163e-17
Warning: Replacing equation with equation of the same name.
Region: Si, Equation: PotentialEquation, Variable: Potential
number of equations 9267
Iteration: 0
  Device: "e6ne_rev"	RelError: 8.33699e-14	AbsError: 1.00800e+03
    Region: "Si"	RelError: 8.33699e-14	AbsError: 1.00800e+03
      Equation: "ElectronContinuityEquation"	RelError: 1.01606e-14	AbsError: 4.96000e+02
      Equation: "HoleContinuityEquation"	RelError: 1.02968e-14	AbsError: 5.12000e+02
      Equation: "PotentialEquation"	RelError: 6.29125e-14	AbsError: 1.46779e-16
number of equations 9267
Iteration: 0
  Device: "e6ne_rev"	RelError: 3.63133e+03	AbsError: 5.59338e+16
    Region: "Si"	RelError: 3.63133e+03	AbsError: 5.59338e+16
      Equation: "ElectronContinuityEquation"	RelError: 9.99000e+02	AbsError: 2.79671e+16
      Equation: "HoleContinuityEquation"	RelError: 2.50920e+03	AbsError: 2.79667e+16
      Equation: "PotentialEquation"	RelError: 1.23128e+02	AbsError: 6.12741e-02
Iteration: 1
  Device: "e6ne_rev"	RelError: 2.02545e+03	AbsError: 1.82322e+16
    Region: "Si"	RelError: 2.02545e+03	AbsError: 1.82322e+16
      Equation: "ElectronContinuityEquation"	RelError: 9.99000e+02	AbsError: 9.63147e+15
      Equation: "HoleContinuityEquation"	RelError: 9.99000e+02	AbsError: 8.60075e+15
      Equation: "PotentialEquation"	RelError: 2.74475e+01	AbsError: 5.47695e-02
Iteration: 2
  Device: "e6ne_rev"	RelError: 2.01426e+03	AbsError: 4.46932e+15
    Region: "Si"	RelError: 2.01426e+03	AbsError: 4.46932e+15
      Equation: "ElectronContinuityEquation"	RelError: 9.99000e+02	AbsError: 2.52442e+15
      Equation: "HoleContinuityEquation"	RelError: 9.99000e+02	AbsError: 1.94490e+15
      Equation: "PotentialEquation"	RelError: 1.62630e+01	AbsError: 4.71388e-02
Iteration: 3
  Device: "e6ne_rev"	RelError: 2.00812e+03	AbsError: 6.41454e+14
    Region: "Si"	RelError: 2.00812e+03	AbsError: 6.41454e+14
      Equation: "ElectronContinuityEquation"	RelError: 9.99000e+02	AbsError: 2.50178e+14
      Equation: "HoleContinuityEquation"	RelError: 9.99000e+02	AbsError: 3.91277e+14
      Equation: "PotentialEquation"	RelError: 1.01175e+01	AbsError: 3.80896e-02
Iteration: 4
  Device: "e6ne_rev"	RelError: 1.00014e+03	AbsError: 6.84168e+13
    Region: "Si"	RelError: 1.00014e+03	AbsError: 6.84168e+13
      Equation: "ElectronContinuityEquation"	RelError: 1.08877e+00	AbsError: 1.81302e+12
      Equation: "HoleContinuityEquation"	RelError: 9.99000e+02	AbsError: 6.66037e+13
      Equation: "PotentialEquation"	RelError: 4.73562e-02	AbsError: 2.74092e-02
Iteration: 5
  Device: "e6ne_rev"	RelError: 4.53562e+00	AbsError: 8.40944e+12
    Region: "Si"	RelError: 4.53562e+00	AbsError: 8.40944e+12
      Equation: "ElectronContinuityEquation"	RelError: 3.50367e+00	AbsError: 7.25311e+10
      Equation: "HoleContinuityEquation"	RelError: 1.00000e+00	AbsError: 8.33691e+12
      Equation: "PotentialEquation"	RelError: 3.19499e-02	AbsError: 2.13187e-02
Iteration: 6
  Device: "e6ne_rev"	RelError: 4.90020e-01	AbsError: 1.22681e+12
    Region: "Si"	RelError: 4.90020e-01	AbsError: 1.22681e+12
      Equation: "ElectronContinuityEquation"	RelError: 4.88569e-01	AbsError: 5.11758e+10
      Equation: "HoleContinuityEquation"	RelError: 1.24803e-03	AbsError: 1.17564e+12
      Equation: "PotentialEquation"	RelError: 2.02328e-04	AbsError: 3.89298e-07
Iteration: 7
  Device: "e6ne_rev"	RelError: 1.12838e-06	AbsError: 8.59157e+05
    Region: "Si"	RelError: 1.12838e-06	AbsError: 8.59157e+05
      Equation: "ElectronContinuityEquation"	RelError: 1.11972e-06	AbsError: 2.87255e+04
      Equation: "HoleContinuityEquation"	RelError: 8.65234e-09	AbsError: 8.30432e+05
      Equation: "PotentialEquation"	RelError: 3.98619e-12	AbsError: 1.89545e-13
Iteration: 8
  Device: "e6ne_rev"	RelError: 2.95327e-14	AbsError: 9.51360e+01
    Region: "Si"	RelError: 2.95327e-14	AbsError: 9.51360e+01
      Equation: "ElectronContinuityEquation"	RelError: 2.21456e-15	AbsError: 4.41424e+01
      Equation: "HoleContinuityEquation"	RelError: 1.73254e-15	AbsError: 5.09936e+01
      Equation: "PotentialEquation"	RelError: 2.55856e-14	AbsError: 8.60439e-17
number of equations 9267
Iteration: 0
  Device: "e6ne_rev"	RelError: 7.63857e+03	AbsError: 4.86960e+16
    Region: "Si"	RelError: 7.63857e+03	AbsError: 4.86960e+16
      Equation: "ElectronContinuityEquation"	RelError: 6.55516e+03	AbsError: 2.43479e+16
      Equation: "HoleContinuityEquation"	RelError: 9.99000e+02	AbsError: 2.43481e+16
      Equation: "PotentialEquation"	RelError: 8.44119e+01	AbsError: 6.12741e-02
Iteration: 1
  Device: "e6ne_rev"	RelError: 2.95742e+03	AbsError: 1.45478e+16
    Region: "Si"	RelError: 2.95742e+03	AbsError: 1.45478e+16
      Equation: "ElectronContinuityEquation"	RelError: 1.84015e+03	AbsError: 7.59517e+15
      Equation: "HoleContinuityEquation"	RelError: 9.99000e+02	AbsError: 6.95264e+15
      Equation: "PotentialEquation"	RelError: 1.18271e+02	AbsError: 5.47695e-02
Iteration: 2
  Device: "e6ne_rev"	RelError: 2.01370e+03	AbsError: 3.51525e+15
    Region: "Si"	RelError: 2.01370e+03	AbsError: 3.51525e+15
      Equation: "ElectronContinuityEquation"	RelError: 9.99000e+02	AbsError: 2.02856e+15
      Equation: "HoleContinuityEquation"	RelError: 9.99000e+02	AbsError: 1.48669e+15
      Equation: "PotentialEquation"	RelError: 1.57030e+01	AbsError: 4.71388e-02
Iteration: 3
  Device: "e6ne_rev"	RelError: 2.00477e+03	AbsError: 3.64216e+14
    Region: "Si"	RelError: 2.00477e+03	AbsError: 3.64216e+14
      Equation: "ElectronContinuityEquation"	RelError: 9.99000e+02	AbsError: 1.01147e+14
      Equation: "HoleContinuityEquation"	RelError: 9.99000e+02	AbsError: 2.63068e+14
      Equation: "PotentialEquation"	RelError: 6.76585e+00	AbsError: 3.80896e-02
Iteration: 4
  Device: "e6ne_rev"	RelError: 1.00003e+03	AbsError: 4.22430e+13
    Region: "Si"	RelError: 1.00003e+03	AbsError: 4.22430e+13
      Equation: "ElectronContinuityEquation"	RelError: 1.00000e+00	AbsError: 1.02022e+12
      Equation: "HoleContinuityEquation"	RelError: 9.99000e+02	AbsError: 4.12228e+13
      Equation: "PotentialEquation"	RelError: 3.32033e-02	AbsError: 2.74092e-02
Iteration: 5
  Device: "e6ne_rev"	RelError: 1.37439e+00	AbsError: 4.74847e+12
    Region: "Si"	RelError: 1.37439e+00	AbsError: 4.74847e+12
      Equation: "ElectronContinuityEquation"	RelError: 3.51147e-01	AbsError: 1.74468e+10
      Equation: "HoleContinuityEquation"	RelError: 1.00000e+00	AbsError: 4.73103e+12
      Equation: "PotentialEquation"	RelError: 2.32419e-02	AbsError: 2.13187e-02
Iteration: 6
  Device: "e6ne_rev"	RelError: 1.23437e-01	AbsError: 2.82159e+11
    Region: "Si"	RelError: 1.23437e-01	AbsError: 2.82159e+11
      Equation: "ElectronContinuityEquation"	RelError: 1.22984e-01	AbsError: 8.77391e+09
      Equation: "HoleContinuityEquation"	RelError: 4.20441e-04	AbsError: 2.73385e+11
      Equation: "PotentialEquation"	RelError: 3.22723e-05	AbsError: 8.97908e-08
Iteration: 7
  Device: "e6ne_rev"	RelError: 1.65174e-07	AbsError: 8.08584e+04
    Region: "Si"	RelError: 1.65174e-07	AbsError: 8.08584e+04
      Equation: "ElectronContinuityEquation"	RelError: 1.64681e-07	AbsError: 8.35350e+02
      Equation: "HoleContinuityEquation"	RelError: 4.92903e-10	AbsError: 8.00231e+04
      Equation: "PotentialEquation"	RelError: 1.84711e-13	AbsError: 1.42368e-14
number of equations 9267
Iteration: 0
  Device: "e6ne_rev"	RelError: 2.06400e+03	AbsError: 4.36933e+16
    Region: "Si"	RelError: 2.06400e+03	AbsError: 4.36933e+16
      Equation: "ElectronContinuityEquation"	RelError: 9.99000e+02	AbsError: 2.18464e+16
      Equation: "HoleContinuityEquation"	RelError: 9.99000e+02	AbsError: 2.18469e+16
      Equation: "PotentialEquation"	RelError: 6.60042e+01	AbsError: 6.12741e-02
Iteration: 1
  Device: "e6ne_rev"	RelError: 2.02123e+03	AbsError: 1.18492e+16
    Region: "Si"	RelError: 2.02123e+03	AbsError: 1.18492e+16
      Equation: "ElectronContinuityEquation"	RelError: 9.99000e+02	AbsError: 6.20076e+15
      Equation: "HoleContinuityEquation"	RelError: 9.99000e+02	AbsError: 5.64839e+15
      Equation: "PotentialEquation"	RelError: 2.32258e+01	AbsError: 5.47695e-02
Iteration: 2
  Device: "e6ne_rev"	RelError: 3.37374e+03	AbsError: 2.78927e+15
    Region: "Si"	RelError: 3.37374e+03	AbsError: 2.78927e+15
      Equation: "ElectronContinuityEquation"	RelError: 2.30284e+03	AbsError: 1.61934e+15
      Equation: "HoleContinuityEquation"	RelError: 9.99000e+02	AbsError: 1.16993e+15
      Equation: "PotentialEquation"	RelError: 7.19001e+01	AbsError: 4.71388e-02
Iteration: 3
  Device: "e6ne_rev"	RelError: 1.99813e+03	AbsError: 2.28024e+14
    Region: "Si"	RelError: 1.99813e+03	AbsError: 2.28024e+14
      Equation: "ElectronContinuityEquation"	RelError: 9.99000e+02	AbsError: 4.05111e+13
      Equation: "HoleContinuityEquation"	RelError: 9.99000e+02	AbsError: 1.87513e+14
      Equation: "PotentialEquation"	RelError: 1.25598e-01	AbsError: 3.80896e-02
Iteration: 4
  Device: "e6ne_rev"	RelError: 1.00003e+03	AbsError: 2.79240e+13
    Region: "Si"	RelError: 1.00003e+03	AbsError: 2.79240e+13
      Equation: "ElectronContinuityEquation"	RelError: 1.00000e+00	AbsError: 6.12620e+11
      Equation: "HoleContinuityEquation"	RelError: 9.99000e+02	AbsError: 2.73114e+13
      Equation: "PotentialEquation"	RelError: 2.56548e-02	AbsError: 2.74092e-02
Iteration: 5
  Device: "e6ne_rev"	RelError: 1.35411e+00	AbsError: 2.90291e+12
    Region: "Si"	RelError: 1.35411e+00	AbsError: 2.90291e+12
      Equation: "ElectronContinuityEquation"	RelError: 3.35843e-01	AbsError: 4.03980e+09
      Equation: "HoleContinuityEquation"	RelError: 1.00000e+00	AbsError: 2.89887e+12
      Equation: "PotentialEquation"	RelError: 1.82640e-02	AbsError: 2.13187e-02
Iteration: 6
  Device: "e6ne_rev"	RelError: 8.71743e-02	AbsError: 3.40164e+11
    Region: "Si"	RelError: 8.71743e-02	AbsError: 3.40164e+11
      Equation: "ElectronContinuityEquation"	RelError: 8.54751e-02	AbsError: 3.08788e+08
      Equation: "HoleContinuityEquation"	RelError: 1.69419e-03	AbsError: 3.39855e+11
      Equation: "PotentialEquation"	RelError: 5.01843e-06	AbsError: 2.86767e-08
Iteration: 7
  Device: "e6ne_rev"	RelError: 2.33389e-06	AbsError: 2.13124e+04
    Region: "Si"	RelError: 2.33389e-06	AbsError: 2.13124e+04
      Equation: "ElectronContinuityEquation"	RelError: 2.33343e-06	AbsError: 4.96306e+01
      Equation: "HoleContinuityEquation"	RelError: 4.59056e-10	AbsError: 2.12627e+04
      Equation: "PotentialEquation"	RelError: 5.36518e-13	AbsError: 2.73946e-15
Iteration: 8
  Device: "e6ne_rev"	RelError: 1.32352e-13	AbsError: 8.56070e+01
    Region: "Si"	RelError: 1.32352e-13	AbsError: 8.56070e+01
      Equation: "ElectronContinuityEquation"	RelError: 1.27249e-15	AbsError: 3.24120e+01
      Equation: "HoleContinuityEquation"	RelError: 1.87385e-15	AbsError: 5.31950e+01
      Equation: "PotentialEquation"	RelError: 1.29206e-13	AbsError: 1.57704e-16
number of equations 9267
Iteration: 0
  Device: "e6ne_rev"	RelError: 2.02600e+03	AbsError: 3.99707e+16
    Region: "Si"	RelError: 2.02600e+03	AbsError: 3.99707e+16
      Equation: "ElectronContinuityEquation"	RelError: 9.99000e+02	AbsError: 1.99855e+16
      Equation: "HoleContinuityEquation"	RelError: 9.99000e+02	AbsError: 1.99852e+16
      Equation: "PotentialEquation"	RelError: 2.79967e+01	AbsError: 6.12741e-02
Iteration: 1
  Device: "e6ne_rev"	RelError: 2.01744e+03	AbsError: 9.59215e+15
    Region: "Si"	RelError: 2.01744e+03	AbsError: 9.59215e+15
      Equation: "ElectronContinuityEquation"	RelError: 9.99000e+02	AbsError: 4.94193e+15
      Equation: "HoleContinuityEquation"	RelError: 9.99000e+02	AbsError: 4.65023e+15
      Equation: "PotentialEquation"	RelError: 1.94401e+01	AbsError: 5.47695e-02
Iteration: 2
  Device: "e6ne_rev"	RelError: 2.51444e+03	AbsError: 2.24278e+15
    Region: "Si"	RelError: 2.51444e+03	AbsError: 2.24278e+15
      Equation: "ElectronContinuityEquation"	RelError: 1.49660e+03	AbsError: 1.30362e+15
      Equation: "HoleContinuityEquation"	RelError: 9.99000e+02	AbsError: 9.39165e+14
      Equation: "PotentialEquation"	RelError: 1.88457e+01	AbsError: 4.71388e-02
Iteration: 3
  Device: "e6ne_rev"	RelError: 1.99806e+03	AbsError: 1.54979e+14
    Region: "Si"	RelError: 1.99806e+03	AbsError: 1.54979e+14
      Equation: "ElectronContinuityEquation"	RelError: 9.99000e+02	AbsError: 1.57532e+13
      Equation: "HoleContinuityEquation"	RelError: 9.99000e+02	AbsError: 1.39225e+14
      Equation: "PotentialEquation"	RelError: 5.68604e-02	AbsError: 3.80896e-02
Iteration: 4
  Device: "e6ne_rev"	RelError: 1.00002e+03	AbsError: 1.94435e+13
    Region: "Si"	RelError: 1.00002e+03	AbsError: 1.94435e+13
      Equation: "ElectronContinuityEquation"	RelError: 1.00000e+00	AbsError: 3.87042e+11
      Equation: "HoleContinuityEquation"	RelError: 9.99000e+02	AbsError: 1.90564e+13
      Equation: "PotentialEquation"	RelError: 2.08862e-02	AbsError: 2.74092e-02
Iteration: 5
  Device: "e6ne_rev"	RelError: 1.34479e+00	AbsError: 1.88447e+12
    Region: "Si"	RelError: 1.34479e+00	AbsError: 1.88447e+12
      Equation: "ElectronContinuityEquation"	RelError: 3.31306e-01	AbsError: 4.76687e+08
      Equation: "HoleContinuityEquation"	RelError: 9.98441e-01	AbsError: 1.88400e+12
      Equation: "PotentialEquation"	RelError: 1.50423e-02	AbsError: 2.13187e-02
Iteration: 6
  Device: "e6ne_rev"	RelError: 7.90238e-02	AbsError: 2.67496e+11
    Region: "Si"	RelError: 7.90238e-02	AbsError: 2.67496e+11
      Equation: "ElectronContinuityEquation"	RelError: 7.62017e-02	AbsError: 5.05117e+08
      Equation: "HoleContinuityEquation"	RelError: 2.81992e-03	AbsError: 2.66991e+11
      Equation: "PotentialEquation"	RelError: 2.21178e-06	AbsError: 1.90573e-08
Iteration: 7
  Device: "e6ne_rev"	RelError: 6.35266e-06	AbsError: 1.35370e+04
    Region: "Si"	RelError: 6.35266e-06	AbsError: 1.35370e+04
      Equation: "ElectronContinuityEquation"	RelError: 6.35218e-06	AbsError: 4.62981e+01
      Equation: "HoleContinuityEquation"	RelError: 4.77700e-10	AbsError: 1.34907e+04
      Equation: "PotentialEquation"	RelError: 4.72571e-14	AbsError: 1.57557e-15
Iteration: 8
  Device: "e6ne_rev"	RelError: 1.84873e-14	AbsError: 8.60111e+01
    Region: "Si"	RelError: 1.84873e-14	AbsError: 8.60111e+01
      Equation: "ElectronContinuityEquation"	RelError: 3.30959e-15	AbsError: 4.13167e+01
      Equation: "HoleContinuityEquation"	RelError: 1.42268e-15	AbsError: 4.46945e+01
      Equation: "PotentialEquation"	RelError: 1.37551e-14	AbsError: 1.53417e-16
